Archive member included to satisfy reference by file (symbol)

c:/program files (x86)/atmel/studio/7.0/toolchain/arm/arm-gnu-toolchain/bin/../lib/gcc/arm-none-eabi/5.3.1/../../../../arm-none-eabi/lib/armv7e-m\libc.a(lib_a-exit.o)
                              c:/program files (x86)/atmel/studio/7.0/toolchain/arm/arm-gnu-toolchain/bin/../lib/gcc/arm-none-eabi/5.3.1/../../../../arm-none-eabi/lib/armv7e-m/crt0.o (exit)
c:/program files (x86)/atmel/studio/7.0/toolchain/arm/arm-gnu-toolchain/bin/../lib/gcc/arm-none-eabi/5.3.1/../../../../arm-none-eabi/lib/armv7e-m\libc.a(lib_a-impure.o)
                              c:/program files (x86)/atmel/studio/7.0/toolchain/arm/arm-gnu-toolchain/bin/../lib/gcc/arm-none-eabi/5.3.1/../../../../arm-none-eabi/lib/armv7e-m\libc.a(lib_a-exit.o) (_global_impure_ptr)
c:/program files (x86)/atmel/studio/7.0/toolchain/arm/arm-gnu-toolchain/bin/../lib/gcc/arm-none-eabi/5.3.1/../../../../arm-none-eabi/lib/armv7e-m\libc.a(lib_a-init.o)
                              c:/program files (x86)/atmel/studio/7.0/toolchain/arm/arm-gnu-toolchain/bin/../lib/gcc/arm-none-eabi/5.3.1/../../../../arm-none-eabi/lib/armv7e-m/crt0.o (__libc_init_array)
c:/program files (x86)/atmel/studio/7.0/toolchain/arm/arm-gnu-toolchain/bin/../lib/gcc/arm-none-eabi/5.3.1/../../../../arm-none-eabi/lib/armv7e-m\libc.a(lib_a-iprintf.o)
                              src/main.o (iprintf)
c:/program files (x86)/atmel/studio/7.0/toolchain/arm/arm-gnu-toolchain/bin/../lib/gcc/arm-none-eabi/5.3.1/../../../../arm-none-eabi/lib/armv7e-m\libc.a(lib_a-memset.o)
                              c:/program files (x86)/atmel/studio/7.0/toolchain/arm/arm-gnu-toolchain/bin/../lib/gcc/arm-none-eabi/5.3.1/../../../../arm-none-eabi/lib/armv7e-m/crt0.o (memset)
c:/program files (x86)/atmel/studio/7.0/toolchain/arm/arm-gnu-toolchain/bin/../lib/gcc/arm-none-eabi/5.3.1/../../../../arm-none-eabi/lib/armv7e-m\libc.a(lib_a-puts.o)
                              src/main.o (puts)
c:/program files (x86)/atmel/studio/7.0/toolchain/arm/arm-gnu-toolchain/bin/../lib/gcc/arm-none-eabi/5.3.1/../../../../arm-none-eabi/lib/armv7e-m\libc.a(lib_a-setbuf.o)
                              src/main.o (setbuf)
c:/program files (x86)/atmel/studio/7.0/toolchain/arm/arm-gnu-toolchain/bin/../lib/gcc/arm-none-eabi/5.3.1/../../../../arm-none-eabi/lib/armv7e-m\libc.a(lib_a-setvbuf.o)
                              c:/program files (x86)/atmel/studio/7.0/toolchain/arm/arm-gnu-toolchain/bin/../lib/gcc/arm-none-eabi/5.3.1/../../../../arm-none-eabi/lib/armv7e-m\libc.a(lib_a-setbuf.o) (setvbuf)
c:/program files (x86)/atmel/studio/7.0/toolchain/arm/arm-gnu-toolchain/bin/../lib/gcc/arm-none-eabi/5.3.1/../../../../arm-none-eabi/lib/armv7e-m\libc.a(lib_a-strlen.o)
                              c:/program files (x86)/atmel/studio/7.0/toolchain/arm/arm-gnu-toolchain/bin/../lib/gcc/arm-none-eabi/5.3.1/../../../../arm-none-eabi/lib/armv7e-m\libc.a(lib_a-puts.o) (strlen)
c:/program files (x86)/atmel/studio/7.0/toolchain/arm/arm-gnu-toolchain/bin/../lib/gcc/arm-none-eabi/5.3.1/../../../../arm-none-eabi/lib/armv7e-m\libc.a(lib_a-vfiprintf.o)
                              c:/program files (x86)/atmel/studio/7.0/toolchain/arm/arm-gnu-toolchain/bin/../lib/gcc/arm-none-eabi/5.3.1/../../../../arm-none-eabi/lib/armv7e-m\libc.a(lib_a-iprintf.o) (_vfiprintf_r)
c:/program files (x86)/atmel/studio/7.0/toolchain/arm/arm-gnu-toolchain/bin/../lib/gcc/arm-none-eabi/5.3.1/../../../../arm-none-eabi/lib/armv7e-m\libc.a(lib_a-wsetup.o)
                              c:/program files (x86)/atmel/studio/7.0/toolchain/arm/arm-gnu-toolchain/bin/../lib/gcc/arm-none-eabi/5.3.1/../../../../arm-none-eabi/lib/armv7e-m\libc.a(lib_a-vfiprintf.o) (__swsetup_r)
c:/program files (x86)/atmel/studio/7.0/toolchain/arm/arm-gnu-toolchain/bin/../lib/gcc/arm-none-eabi/5.3.1/../../../../arm-none-eabi/lib/armv7e-m\libc.a(lib_a-__call_atexit.o)
                              c:/program files (x86)/atmel/studio/7.0/toolchain/arm/arm-gnu-toolchain/bin/../lib/gcc/arm-none-eabi/5.3.1/../../../../arm-none-eabi/lib/armv7e-m\libc.a(lib_a-exit.o) (__call_exitprocs)
c:/program files (x86)/atmel/studio/7.0/toolchain/arm/arm-gnu-toolchain/bin/../lib/gcc/arm-none-eabi/5.3.1/../../../../arm-none-eabi/lib/armv7e-m\libc.a(lib_a-atexit.o)
                              c:/program files (x86)/atmel/studio/7.0/toolchain/arm/arm-gnu-toolchain/bin/../lib/gcc/arm-none-eabi/5.3.1/../../../../arm-none-eabi/lib/armv7e-m\libc.a(lib_a-__call_atexit.o) (atexit)
c:/program files (x86)/atmel/studio/7.0/toolchain/arm/arm-gnu-toolchain/bin/../lib/gcc/arm-none-eabi/5.3.1/../../../../arm-none-eabi/lib/armv7e-m\libc.a(lib_a-fflush.o)
                              c:/program files (x86)/atmel/studio/7.0/toolchain/arm/arm-gnu-toolchain/bin/../lib/gcc/arm-none-eabi/5.3.1/../../../../arm-none-eabi/lib/armv7e-m\libc.a(lib_a-setvbuf.o) (_fflush_r)
[...]
Memory Configuration

Name             Origin             Length             Attributes
rom              0x00400000         0x00200000         xr
ram              0x20400000         0x00060000         xrw
*default*        0x00000000         0xffffffff

Linker script and memory map

LOAD c:/program files (x86)/atmel/studio/7.0/toolchain/arm/arm-gnu-toolchain/bin/../lib/gcc/arm-none-eabi/5.3.1/armv7e-m/crti.o
LOAD c:/program files (x86)/atmel/studio/7.0/toolchain/arm/arm-gnu-toolchain/bin/../lib/gcc/arm-none-eabi/5.3.1/armv7e-m/crtbegin.o
LOAD c:/program files (x86)/atmel/studio/7.0/toolchain/arm/arm-gnu-toolchain/bin/../lib/gcc/arm-none-eabi/5.3.1/../../../../arm-none-eabi/lib/armv7e-m/crt0.o
LOAD src/main.o
LOAD src/ASF/common/services/delay/sam/cycle_counter.o
LOAD src/ASF/sam/drivers/rtc/rtc.o
LOAD src/ASF/sam/drivers/tc/tc.o
LOAD src/ASF/common/services/clock/same70/sysclk.o
LOAD src/ASF/common/services/serial/usart_serial.o
LOAD src/ASF/common/services/sleepmgr/sam/sleepmgr.o
LOAD src/ASF/common/utils/interrupt/interrupt_sam_nvic.o
LOAD src/ASF/common/utils/stdio/read.o
LOAD src/ASF/common/utils/stdio/write.o
LOAD src/ASF/sam/boards/same70_xplained/init.o
LOAD src/ASF/sam/drivers/afec/afec.o
LOAD src/ASF/sam/drivers/mpu/mpu.o
LOAD src/ASF/sam/drivers/pio/pio.o
LOAD src/ASF/sam/drivers/pio/pio_handler.o
LOAD src/ASF/sam/drivers/pmc/pmc.o
LOAD src/ASF/sam/drivers/pmc/sleep.o
LOAD src/ASF/sam/drivers/uart/uart.o
LOAD src/ASF/sam/drivers/usart/usart.o
LOAD src/ASF/sam/utils/cmsis/same70/source/templates/gcc/startup_same70.o
LOAD src/ASF/sam/utils/cmsis/same70/source/templates/system_same70.o
LOAD src/ASF/sam/utils/syscalls/gcc/syscalls.o
START GROUP
LOAD ../src/ASF/thirdparty/CMSIS/Lib/GCC\libarm_cortexM7lfsp_math_softfp.a
LOAD c:/program files (x86)/atmel/studio/7.0/toolchain/arm/arm-gnu-toolchain/bin/../lib/gcc/arm-none-eabi/5.3.1/../../../../arm-none-eabi/lib/armv7e-m\libm.a
END GROUP
START GROUP
LOAD c:/program files (x86)/atmel/studio/7.0/toolchain/arm/arm-gnu-toolchain/bin/../lib/gcc/arm-none-eabi/5.3.1/armv7e-m\libgcc.a
LOAD c:/program files (x86)/atmel/studio/7.0/toolchain/arm/arm-gnu-toolchain/bin/../lib/gcc/arm-none-eabi/5.3.1/../../../../arm-none-eabi/lib/armv7e-m\libc.a
END GROUP
LOAD c:/program files (x86)/atmel/studio/7.0/toolchain/arm/arm-gnu-toolchain/bin/../lib/gcc/arm-none-eabi/5.3.1/armv7e-m/crtend.o
LOAD c:/program files (x86)/atmel/studio/7.0/toolchain/arm/arm-gnu-toolchain/bin/../lib/gcc/arm-none-eabi/5.3.1/armv7e-m/crtn.o
                0x00002000                STACK_SIZE = DEFINED (STACK_SIZE)?STACK_SIZE:0x2000
                0x2045fffc                __ram_end__ = ((ORIGIN (ram) + LENGTH (ram)) - 0x4)
                0x00000200                HEAP_SIZE = DEFINED (HEAP_SIZE)?HEAP_SIZE:0x200

.text           0x00400000     0x4280
                0x00400000                . = ALIGN (0x4)
                0x00400000                _sfixed = .
 *(.vectors .vectors.*)
 .vectors       0x00400000      0x140 src/ASF/sam/utils/cmsis/same70/source/templates/gcc/startup_same70.o
                0x00400000                exception_table
 *(.text .text.* .gnu.linkonce.t.*)
 .text          0x00400140       0x5c c:/program files (x86)/atmel/studio/7.0/toolchain/arm/arm-gnu-toolchain/bin/../lib/gcc/arm-none-eabi/5.3.1/armv7e-m/crtbegin.o
 .text.AFEC_Temp_callback
                0x0040019c       0x20 src/main.o
 .text.usart_serial_getchar
                0x004001bc       0xd8 src/main.o
 .text.usart_serial_putchar
                0x00400294       0xd4 src/main.o
 .text.main     0x00400368      0x1a8 src/main.o
                0x00400368                main
 .text.sysclk_init
                0x00400510       0x70 src/ASF/common/services/clock/same70/sysclk.o
                0x00400510                sysclk_init
 .text._read    0x00400580       0x3c src/ASF/common/utils/stdio/read.o
                0x00400580                _read
 .text._write   0x004005bc       0x50 src/ASF/common/utils/stdio/write.o
                0x004005bc                _write
 .text.board_init
                0x0040060c      0x184 src/ASF/sam/boards/same70_xplained/init.o
                0x0040060c                board_init
 .text.afec_process_callback
                0x00400790       0x80 src/ASF/sam/drivers/afec/afec.o
 .text.afec_ch_set_config
                0x00400810       0x30 src/ASF/sam/drivers/afec/afec.o
                0x00400810                afec_ch_set_config
 .text.afec_temp_sensor_set_config
                0x00400840       0x14 src/ASF/sam/drivers/afec/afec.o
                0x00400840                afec_temp_sensor_set_config
 .text.afec_get_config_defaults
                0x00400854       0x30 src/ASF/sam/drivers/afec/afec.o
                0x00400854                afec_get_config_defaults
 .text.afec_ch_get_config_defaults
                0x00400884        0xc src/ASF/sam/drivers/afec/afec.o
                0x00400884                afec_ch_get_config_defaults
 .text.afec_temp_sensor_get_config_defaults
                0x00400890       0x14 src/ASF/sam/drivers/afec/afec.o
                0x00400890                afec_temp_sensor_get_config_defaults
 .text.afec_init
                0x004008a4       0xc8 src/ASF/sam/drivers/afec/afec.o
                0x004008a4                afec_init
 .text.afec_enable_interrupt
                0x0040096c       0x38 src/ASF/sam/drivers/afec/afec.o
                0x0040096c                afec_enable_interrupt
 .text.afec_set_callback
                0x004009a4       0x58 src/ASF/sam/drivers/afec/afec.o
                0x004009a4                afec_set_callback
 .text.AFEC0_Handler
                0x004009fc       0x14 src/ASF/sam/drivers/afec/afec.o
                0x004009fc                AFEC0_Handler
 .text.AFEC1_Handler
                0x00400a10       0x14 src/ASF/sam/drivers/afec/afec.o
                0x00400a10                AFEC1_Handler
 .text.afec_enable
                0x00400a24       0x64 src/ASF/sam/drivers/afec/afec.o
                0x00400a24                afec_enable
 .text.pio_get_interrupt_status
                0x00400a88        0x4 src/ASF/sam/drivers/pio/pio.o
                0x00400a88                pio_get_interrupt_status
 .text.pio_get_interrupt_mask
                0x00400a8c        0x4 src/ASF/sam/drivers/pio/pio.o
                0x00400a8c                pio_get_interrupt_mask
 .text.pio_handler_process
                0x00400a90       0x50 src/ASF/sam/drivers/pio/pio_handler.o
                0x00400a90                pio_handler_process
 .text.PIOA_Handler
                0x00400ae0       0x14 src/ASF/sam/drivers/pio/pio_handler.o
                0x00400ae0                PIOA_Handler
 .text.PIOB_Handler
                0x00400af4       0x14 src/ASF/sam/drivers/pio/pio_handler.o
                0x00400af4                PIOB_Handler
 .text.PIOC_Handler
                0x00400b08       0x14 src/ASF/sam/drivers/pio/pio_handler.o
                0x00400b08                PIOC_Handler
 .text.PIOD_Handler
                0x00400b1c       0x14 src/ASF/sam/drivers/pio/pio_handler.o
                0x00400b1c                PIOD_Handler
 .text.PIOE_Handler
                0x00400b30       0x14 src/ASF/sam/drivers/pio/pio_handler.o
                0x00400b30                PIOE_Handler
 .text.pmc_mck_set_division
                0x00400b44       0x3c src/ASF/sam/drivers/pmc/pmc.o
                0x00400b44                pmc_mck_set_division
 .text.pmc_switch_mck_to_pllack
                0x00400b80       0x68 src/ASF/sam/drivers/pmc/pmc.o
                0x00400b80                pmc_switch_mck_to_pllack
 .text.pmc_switch_mainck_to_xtal
                0x00400be8       0x54 src/ASF/sam/drivers/pmc/pmc.o
                0x00400be8                pmc_switch_mainck_to_xtal
 .text.pmc_osc_is_ready_mainck
                0x00400c3c       0x10 src/ASF/sam/drivers/pmc/pmc.o
                0x00400c3c                pmc_osc_is_ready_mainck
 .text.pmc_disable_pllack
                0x00400c4c       0x10 src/ASF/sam/drivers/pmc/pmc.o
                0x00400c4c                pmc_disable_pllack
 .text.pmc_is_locked_pllack
                0x00400c5c       0x10 src/ASF/sam/drivers/pmc/pmc.o
                0x00400c5c                pmc_is_locked_pllack
 .text.pmc_enable_periph_clk
                0x00400c6c       0x54 src/ASF/sam/drivers/pmc/pmc.o
                0x00400c6c                pmc_enable_periph_clk
 .text.uart_write
                0x00400cc0       0x14 src/ASF/sam/drivers/uart/uart.o
                0x00400cc0                uart_write
 .text.uart_read
                0x00400cd4       0x14 src/ASF/sam/drivers/uart/uart.o
                0x00400cd4                uart_read
 .text.usart_set_async_baudrate
                0x00400ce8       0x60 src/ASF/sam/drivers/usart/usart.o
                0x00400ce8                usart_set_async_baudrate
 .text.usart_reset
                0x00400d48       0x28 src/ASF/sam/drivers/usart/usart.o
                0x00400d48                usart_reset
 .text.usart_init_rs232
                0x00400d70       0x54 src/ASF/sam/drivers/usart/usart.o
                0x00400d70                usart_init_rs232
 .text.usart_enable_tx
                0x00400dc4        0x8 src/ASF/sam/drivers/usart/usart.o
                0x00400dc4                usart_enable_tx
 .text.usart_enable_rx
                0x00400dcc        0x8 src/ASF/sam/drivers/usart/usart.o
                0x00400dcc                usart_enable_rx
 .text.usart_write
                0x00400dd4       0x18 src/ASF/sam/drivers/usart/usart.o
                0x00400dd4                usart_write
 .text.usart_read
                0x00400dec       0x18 src/ASF/sam/drivers/usart/usart.o
                0x00400dec                usart_read
 .text.Dummy_Handler
                0x00400e04        0x4 src/ASF/sam/utils/cmsis/same70/source/templates/gcc/startup_same70.o
                0x00400e04                DACC_Handler
                0x00400e04                DebugMon_Handler
                0x00400e04                UART3_Handler
                0x00400e04                UART2_Handler
                0x00400e04                TRNG_Handler
                0x00400e04                HardFault_Handler
                0x00400e04                TC2_Handler
                0x00400e04                SysTick_Handler
                0x00400e04                PendSV_Handler
                0x00400e04                NMI_Handler
                0x00400e04                TC7_Handler
                0x00400e04                QSPI_Handler
                0x00400e04                ISI_Handler
                0x00400e04                TC9_Handler
                0x00400e04                RSWDT_Handler
                0x00400e04                MCAN1_Handler
                0x00400e04                USART0_Handler
                0x00400e04                RTT_Handler
                0x00400e04                USBHS_Handler
                0x00400e04                RTC_Handler
                0x00400e04                UsageFault_Handler
                0x00400e04                TC6_Handler
                0x00400e04                WDT_Handler
                0x00400e04                TC4_Handler
                0x00400e04                TC1_Handler
                0x00400e04                HSMCI_Handler
                0x00400e04                UART1_Handler
                0x00400e04                TC3_Handler
                0x00400e04                Dummy_Handler
                0x00400e04                TWIHS1_Handler
                0x00400e04                XDMAC_Handler
                0x00400e04                UART4_Handler
                0x00400e04                PWM1_Handler
                0x00400e04                USART1_Handler
                0x00400e04                PWM0_Handler
                0x00400e04                SSC_Handler
                0x00400e04                TC11_Handler
                0x00400e04                ACC_Handler
                0x00400e04                PMC_Handler
                0x00400e04                GMAC_Handler
                0x00400e04                MemManage_Handler
                0x00400e04                SUPC_Handler
                0x00400e04                SVC_Handler
                0x00400e04                TC8_Handler
                0x00400e04                EFC_Handler
                0x00400e04                USART2_Handler
                0x00400e04                SDRAMC_Handler
                0x00400e04                SPI1_Handler
                0x00400e04                MCAN0_Handler
                0x00400e04                TC10_Handler
                0x00400e04                TWIHS2_Handler
                0x00400e04                UART0_Handler
                0x00400e04                BusFault_Handler
                0x00400e04                RSTC_Handler
                0x00400e04                TC0_Handler
                0x00400e04                TC5_Handler
                0x00400e04                ICM_Handler
                0x00400e04                AES_Handler
                0x00400e04                TWIHS0_Handler
                0x00400e04                SPI0_Handler
 .text.Reset_Handler
                0x00400e08       0xdc src/ASF/sam/utils/cmsis/same70/source/templates/gcc/startup_same70.o
                0x00400e08                Reset_Handler
 .text.SystemCoreClockUpdate
                0x00400ee4      0x110 src/ASF/sam/utils/cmsis/same70/source/templates/system_same70.o
                0x00400ee4                SystemCoreClockUpdate
 .text.system_init_flash
                0x00400ff4       0x8c src/ASF/sam/utils/cmsis/same70/source/templates/system_same70.o
                0x00400ff4                system_init_flash
 .text._sbrk    0x00401080       0x34 src/ASF/sam/utils/syscalls/gcc/syscalls.o
                0x00401080                _sbrk
 .text._close   0x004010b4        0x8 src/ASF/sam/utils/syscalls/gcc/syscalls.o
                0x004010b4                _close
 .text._fstat   0x004010bc        0xc src/ASF/sam/utils/syscalls/gcc/syscalls.o
                0x004010bc                _fstat
 .text._isatty  0x004010c8        0x4 src/ASF/sam/utils/syscalls/gcc/syscalls.o
                0x004010c8                _isatty
 .text._lseek   0x004010cc        0x4 src/ASF/sam/utils/syscalls/gcc/syscalls.o
                0x004010cc                _lseek
 .text.__libc_init_array
                0x004010d0       0x50 c:/program files (x86)/atmel/studio/7.0/toolchain/arm/arm-gnu-toolchain/bin/../lib/gcc/arm-none-eabi/5.3.1/../../../../arm-none-eabi/lib/armv7e-m\libc.a(lib_a-init.o)
                0x004010d0                __libc_init_array
 .text.iprintf  0x00401120       0x28 c:/program files (x86)/atmel/studio/7.0/toolchain/arm/arm-gnu-toolchain/bin/../lib/gcc/arm-none-eabi/5.3.1/../../../../arm-none-eabi/lib/armv7e-m\libc.a(lib_a-iprintf.o)
                0x00401120                iprintf
 .text.memset   0x00401148       0x9c c:/program files (x86)/atmel/studio/7.0/toolchain/arm/arm-gnu-toolchain/bin/../lib/gcc/arm-none-eabi/5.3.1/../../../../arm-none-eabi/lib/armv7e-m\libc.a(lib_a-memset.o)
                0x00401148                memset
 .text._puts_r  0x004011e4       0x68 c:/program files (x86)/atmel/studio/7.0/toolchain/arm/arm-gnu-toolchain/bin/../lib/gcc/arm-none-eabi/5.3.1/../../../../arm-none-eabi/lib/armv7e-m\libc.a(lib_a-puts.o)
                0x004011e4                _puts_r
 .text.puts     0x0040124c       0x10 c:/program files (x86)/atmel/studio/7.0/toolchain/arm/arm-gnu-toolchain/bin/../lib/gcc/arm-none-eabi/5.3.1/../../../../arm-none-eabi/lib/armv7e-m\libc.a(lib_a-puts.o)
                0x0040124c                puts
 .text.setbuf   0x0040125c       0x10 c:/program files (x86)/atmel/studio/7.0/toolchain/arm/arm-gnu-toolchain/bin/../lib/gcc/arm-none-eabi/5.3.1/../../../../arm-none-eabi/lib/armv7e-m\libc.a(lib_a-setbuf.o)
                0x0040125c                setbuf
 .text.setvbuf  0x0040126c      0x150 c:/program files (x86)/atmel/studio/7.0/toolchain/arm/arm-gnu-toolchain/bin/../lib/gcc/arm-none-eabi/5.3.1/../../../../arm-none-eabi/lib/armv7e-m\libc.a(lib_a-setvbuf.o)
                0x0040126c                setvbuf
 *fill*         0x004013bc        0x4 
 .text          0x004013c0       0xdc c:/program files (x86)/atmel/studio/7.0/toolchain/arm/arm-gnu-toolchain/bin/../lib/gcc/arm-none-eabi/5.3.1/../../../../arm-none-eabi/lib/armv7e-m\libc.a(lib_a-strlen.o)
                0x004013c0                strlen
 .text.__sprint_r.part.0
                0x0040149c       0x78 c:/program files (x86)/atmel/studio/7.0/toolchain/arm/arm-gnu-toolchain/bin/../lib/gcc/arm-none-eabi/5.3.1/../../../../arm-none-eabi/lib/armv7e-m\libc.a(lib_a-vfiprintf.o)
 .text._vfiprintf_r
                0x00401514      0xdfc c:/program files (x86)/atmel/studio/7.0/toolchain/arm/arm-gnu-toolchain/bin/../lib/gcc/arm-none-eabi/5.3.1/../../../../arm-none-eabi/lib/armv7e-m\libc.a(lib_a-vfiprintf.o)
                0x00401514                _vfiprintf_r
 .text.__sbprintf
                0x00402310       0x6c c:/program files (x86)/atmel/studio/7.0/toolchain/arm/arm-gnu-toolchain/bin/../lib/gcc/arm-none-eabi/5.3.1/../../../../arm-none-eabi/lib/armv7e-m\libc.a(lib_a-vfiprintf.o)
 .text.__swsetup_r
                0x0040237c       0xc8 c:/program files (x86)/atmel/studio/7.0/toolchain/arm/arm-gnu-toolchain/bin/../lib/gcc/arm-none-eabi/5.3.1/../../../../arm-none-eabi/lib/armv7e-m\libc.a(lib_a-wsetup.o)
                0x0040237c                __swsetup_r
 .text.startup.register_fini
                0x00402444       0x14 c:/program files (x86)/atmel/studio/7.0/toolchain/arm/arm-gnu-toolchain/bin/../lib/gcc/arm-none-eabi/5.3.1/../../../../arm-none-eabi/lib/armv7e-m\libc.a(lib_a-__call_atexit.o)
 .text.atexit   0x00402458        0xc c:/program files (x86)/atmel/studio/7.0/toolchain/arm/arm-gnu-toolchain/bin/../lib/gcc/arm-none-eabi/5.3.1/../../../../arm-none-eabi/lib/armv7e-m\libc.a(lib_a-atexit.o)
                0x00402458                atexit
 .text.__sflush_r
                0x00402464      0x148 c:/program files (x86)/atmel/studio/7.0/toolchain/arm/arm-gnu-toolchain/bin/../lib/gcc/arm-none-eabi/5.3.1/../../../../arm-none-eabi/lib/armv7e-m\libc.a(lib_a-fflush.o)
                0x00402464                __sflush_r
 .text._fflush_r
                0x004025ac       0x2c c:/program files (x86)/atmel/studio/7.0/toolchain/arm/arm-gnu-toolchain/bin/../lib/gcc/arm-none-eabi/5.3.1/../../../../arm-none-eabi/lib/armv7e-m\libc.a(lib_a-fflush.o)
                0x004025ac                _fflush_r
 .text._cleanup_r
                0x004025d8        0xc c:/program files (x86)/atmel/studio/7.0/toolchain/arm/arm-gnu-toolchain/bin/../lib/gcc/arm-none-eabi/5.3.1/../../../../arm-none-eabi/lib/armv7e-m\libc.a(lib_a-findfp.o)
                0x004025d8                _cleanup_r
 .text.__sinit.part.1
                0x004025e4       0xf0 c:/program files (x86)/atmel/studio/7.0/toolchain/arm/arm-gnu-toolchain/bin/../lib/gcc/arm-none-eabi/5.3.1/../../../../arm-none-eabi/lib/armv7e-m\libc.a(lib_a-findfp.o)
 .text.__sinit  0x004026d4        0xc c:/program files (x86)/atmel/studio/7.0/toolchain/arm/arm-gnu-toolchain/bin/../lib/gcc/arm-none-eabi/5.3.1/../../../../arm-none-eabi/lib/armv7e-m\libc.a(lib_a-findfp.o)
                0x004026d4                __sinit
 .text.__sfp_lock_acquire
                0x004026e0        0x4 c:/program files (x86)/atmel/studio/7.0/toolchain/arm/arm-gnu-toolchain/bin/../lib/gcc/arm-none-eabi/5.3.1/../../../../arm-none-eabi/lib/armv7e-m\libc.a(lib_a-findfp.o)
                0x004026e0                __sfp_lock_acquire
 .text.__sfp_lock_release
                0x004026e4        0x4 c:/program files (x86)/atmel/studio/7.0/toolchain/arm/arm-gnu-toolchain/bin/../lib/gcc/arm-none-eabi/5.3.1/../../../../arm-none-eabi/lib/armv7e-m\libc.a(lib_a-findfp.o)
                0x004026e4                __sfp_lock_release
 .text.__libc_fini_array
                0x004026e8       0x28 c:/program files (x86)/atmel/studio/7.0/toolchain/arm/arm-gnu-toolchain/bin/../lib/gcc/arm-none-eabi/5.3.1/../../../../arm-none-eabi/lib/armv7e-m\libc.a(lib_a-fini.o)
                0x004026e8                __libc_fini_array
 .text.__fputwc
                0x00402710       0x98 c:/program files (x86)/atmel/studio/7.0/toolchain/arm/arm-gnu-toolchain/bin/../lib/gcc/arm-none-eabi/5.3.1/../../../../arm-none-eabi/lib/armv7e-m\libc.a(lib_a-fputwc.o)
                0x00402710                __fputwc
 .text._fputwc_r
                0x004027a8       0x24 c:/program files (x86)/atmel/studio/7.0/toolchain/arm/arm-gnu-toolchain/bin/../lib/gcc/arm-none-eabi/5.3.1/../../../../arm-none-eabi/lib/armv7e-m\libc.a(lib_a-fputwc.o)
                0x004027a8                _fputwc_r
 .text._malloc_trim_r
                0x004027cc       0x9c c:/program files (x86)/atmel/studio/7.0/toolchain/arm/arm-gnu-toolchain/bin/../lib/gcc/arm-none-eabi/5.3.1/../../../../arm-none-eabi/lib/armv7e-m\libc.a(lib_a-freer.o)
                0x004027cc                _malloc_trim_r
 .text._free_r  0x00402868      0x1d0 c:/program files (x86)/atmel/studio/7.0/toolchain/arm/arm-gnu-toolchain/bin/../lib/gcc/arm-none-eabi/5.3.1/../../../../arm-none-eabi/lib/armv7e-m\libc.a(lib_a-freer.o)
                0x00402868                _free_r
 .text.__sfvwrite_r
                0x00402a38      0x304 c:/program files (x86)/atmel/studio/7.0/toolchain/arm/arm-gnu-toolchain/bin/../lib/gcc/arm-none-eabi/5.3.1/../../../../arm-none-eabi/lib/armv7e-m\libc.a(lib_a-fvwrite.o)
                0x00402a38                __sfvwrite_r
 .text._fwalk_reent
                0x00402d3c       0x54 c:/program files (x86)/atmel/studio/7.0/toolchain/arm/arm-gnu-toolchain/bin/../lib/gcc/arm-none-eabi/5.3.1/../../../../arm-none-eabi/lib/armv7e-m\libc.a(lib_a-fwalk.o)
                0x00402d3c                _fwalk_reent
 .text.__locale_charset
                0x00402d90        0x8 c:/program files (x86)/atmel/studio/7.0/toolchain/arm/arm-gnu-toolchain/bin/../lib/gcc/arm-none-eabi/5.3.1/../../../../arm-none-eabi/lib/armv7e-m\libc.a(lib_a-locale.o)
                0x00402d90                __locale_charset
 .text.__locale_mb_cur_max
                0x00402d98        0xc c:/program files (x86)/atmel/studio/7.0/toolchain/arm/arm-gnu-toolchain/bin/../lib/gcc/arm-none-eabi/5.3.1/../../../../arm-none-eabi/lib/armv7e-m\libc.a(lib_a-locale.o)
                0x00402d98                __locale_mb_cur_max
 .text.__swhatbuf_r
                0x00402da4       0x60 c:/program files (x86)/atmel/studio/7.0/toolchain/arm/arm-gnu-toolchain/bin/../lib/gcc/arm-none-eabi/5.3.1/../../../../arm-none-eabi/lib/armv7e-m\libc.a(lib_a-makebuf.o)
                0x00402da4                __swhatbuf_r
 .text.__smakebuf_r
                0x00402e04       0x88 c:/program files (x86)/atmel/studio/7.0/toolchain/arm/arm-gnu-toolchain/bin/../lib/gcc/arm-none-eabi/5.3.1/../../../../arm-none-eabi/lib/armv7e-m\libc.a(lib_a-makebuf.o)
                0x00402e04                __smakebuf_r
 .text.malloc   0x00402e8c       0x10 c:/program files (x86)/atmel/studio/7.0/toolchain/arm/arm-gnu-toolchain/bin/../lib/gcc/arm-none-eabi/5.3.1/../../../../arm-none-eabi/lib/armv7e-m\libc.a(lib_a-malloc.o)
                0x00402e8c                malloc
 .text._malloc_r
                0x00402e9c      0x570 c:/program files (x86)/atmel/studio/7.0/toolchain/arm/arm-gnu-toolchain/bin/../lib/gcc/arm-none-eabi/5.3.1/../../../../arm-none-eabi/lib/armv7e-m\libc.a(lib_a-mallocr.o)
                0x00402e9c                _malloc_r
 *fill*         0x0040340c        0x4 
 .text          0x00403410       0xa0 c:/program files (x86)/atmel/studio/7.0/toolchain/arm/arm-gnu-toolchain/bin/../lib/gcc/arm-none-eabi/5.3.1/../../../../arm-none-eabi/lib/armv7e-m\libc.a(lib_a-memchr.o)
                0x00403410                memchr
 .text          0x004034b0      0x134 c:/program files (x86)/atmel/studio/7.0/toolchain/arm/arm-gnu-toolchain/bin/../lib/gcc/arm-none-eabi/5.3.1/../../../../arm-none-eabi/lib/armv7e-m\libc.a(lib_a-memcpy.o)
                0x004034b0                memcpy
 .text.memmove  0x004035e4       0xc8 c:/program files (x86)/atmel/studio/7.0/toolchain/arm/arm-gnu-toolchain/bin/../lib/gcc/arm-none-eabi/5.3.1/../../../../arm-none-eabi/lib/armv7e-m\libc.a(lib_a-memmove.o)
                0x004035e4                memmove
 .text.__malloc_lock
                0x004036ac        0x4 c:/program files (x86)/atmel/studio/7.0/toolchain/arm/arm-gnu-toolchain/bin/../lib/gcc/arm-none-eabi/5.3.1/../../../../arm-none-eabi/lib/armv7e-m\libc.a(lib_a-mlock.o)
                0x004036ac                __malloc_lock
 .text.__malloc_unlock
                0x004036b0        0x4 c:/program files (x86)/atmel/studio/7.0/toolchain/arm/arm-gnu-toolchain/bin/../lib/gcc/arm-none-eabi/5.3.1/../../../../arm-none-eabi/lib/armv7e-m\libc.a(lib_a-mlock.o)
                0x004036b0                __malloc_unlock
 .text._realloc_r
                0x004036b4      0x3e0 c:/program files (x86)/atmel/studio/7.0/toolchain/arm/arm-gnu-toolchain/bin/../lib/gcc/arm-none-eabi/5.3.1/../../../../arm-none-eabi/lib/armv7e-m\libc.a(lib_a-reallocr.o)
                0x004036b4                _realloc_r
 .text._sbrk_r  0x00403a94       0x24 c:/program files (x86)/atmel/studio/7.0/toolchain/arm/arm-gnu-toolchain/bin/../lib/gcc/arm-none-eabi/5.3.1/../../../../arm-none-eabi/lib/armv7e-m\libc.a(lib_a-sbrkr.o)
                0x00403a94                _sbrk_r
 .text.__sread  0x00403ab8       0x24 c:/program files (x86)/atmel/studio/7.0/toolchain/arm/arm-gnu-toolchain/bin/../lib/gcc/arm-none-eabi/5.3.1/../../../../arm-none-eabi/lib/armv7e-m\libc.a(lib_a-stdio.o)
                0x00403ab8                __sread
 .text.__swrite
                0x00403adc       0x3c c:/program files (x86)/atmel/studio/7.0/toolchain/arm/arm-gnu-toolchain/bin/../lib/gcc/arm-none-eabi/5.3.1/../../../../arm-none-eabi/lib/armv7e-m\libc.a(lib_a-stdio.o)
                0x00403adc                __swrite
 .text.__sseek  0x00403b18       0x20 c:/program files (x86)/atmel/studio/7.0/toolchain/arm/arm-gnu-toolchain/bin/../lib/gcc/arm-none-eabi/5.3.1/../../../../arm-none-eabi/lib/armv7e-m\libc.a(lib_a-stdio.o)
                0x00403b18                __sseek
 .text.__sclose
                0x00403b38        0x8 c:/program files (x86)/atmel/studio/7.0/toolchain/arm/arm-gnu-toolchain/bin/../lib/gcc/arm-none-eabi/5.3.1/../../../../arm-none-eabi/lib/armv7e-m\libc.a(lib_a-stdio.o)
                0x00403b38                __sclose
 .text.__swbuf_r
                0x00403b40       0xac c:/program files (x86)/atmel/studio/7.0/toolchain/arm/arm-gnu-toolchain/bin/../lib/gcc/arm-none-eabi/5.3.1/../../../../arm-none-eabi/lib/armv7e-m\libc.a(lib_a-wbuf.o)
                0x00403b40                __swbuf_r
 .text._wcrtomb_r
                0x00403bec       0x54 c:/program files (x86)/atmel/studio/7.0/toolchain/arm/arm-gnu-toolchain/bin/../lib/gcc/arm-none-eabi/5.3.1/../../../../arm-none-eabi/lib/armv7e-m\libc.a(lib_a-wcrtomb.o)
                0x00403bec                _wcrtomb_r
 .text.__ascii_wctomb
                0x00403c40       0x1c c:/program files (x86)/atmel/studio/7.0/toolchain/arm/arm-gnu-toolchain/bin/../lib/gcc/arm-none-eabi/5.3.1/../../../../arm-none-eabi/lib/armv7e-m\libc.a(lib_a-wctomb_r.o)
                0x00403c40                __ascii_wctomb
 .text._write_r
                0x00403c5c       0x2c c:/program files (x86)/atmel/studio/7.0/toolchain/arm/arm-gnu-toolchain/bin/../lib/gcc/arm-none-eabi/5.3.1/../../../../arm-none-eabi/lib/armv7e-m\libc.a(lib_a-writer.o)
                0x00403c5c                _write_r
 .text.__register_exitproc
                0x00403c88       0xa4 c:/program files (x86)/atmel/studio/7.0/toolchain/arm/arm-gnu-toolchain/bin/../lib/gcc/arm-none-eabi/5.3.1/../../../../arm-none-eabi/lib/armv7e-m\libc.a(lib_a-__atexit.o)
                0x00403c88                __register_exitproc
 .text._close_r
                0x00403d2c       0x24 c:/program files (x86)/atmel/studio/7.0/toolchain/arm/arm-gnu-toolchain/bin/../lib/gcc/arm-none-eabi/5.3.1/../../../../arm-none-eabi/lib/armv7e-m\libc.a(lib_a-closer.o)
                0x00403d2c                _close_r
 .text._fclose_r
                0x00403d50       0x84 c:/program files (x86)/atmel/studio/7.0/toolchain/arm/arm-gnu-toolchain/bin/../lib/gcc/arm-none-eabi/5.3.1/../../../../arm-none-eabi/lib/armv7e-m\libc.a(lib_a-fclose.o)
                0x00403d50                _fclose_r
 .text._fstat_r
                0x00403dd4       0x28 c:/program files (x86)/atmel/studio/7.0/toolchain/arm/arm-gnu-toolchain/bin/../lib/gcc/arm-none-eabi/5.3.1/../../../../arm-none-eabi/lib/armv7e-m\libc.a(lib_a-fstatr.o)
                0x00403dd4                _fstat_r
 .text._isatty_r
                0x00403dfc       0x24 c:/program files (x86)/atmel/studio/7.0/toolchain/arm/arm-gnu-toolchain/bin/../lib/gcc/arm-none-eabi/5.3.1/../../../../arm-none-eabi/lib/armv7e-m\libc.a(lib_a-isattyr.o)
                0x00403dfc                _isatty_r
 .text._lseek_r
                0x00403e20       0x2c c:/program files (x86)/atmel/studio/7.0/toolchain/arm/arm-gnu-toolchain/bin/../lib/gcc/arm-none-eabi/5.3.1/../../../../arm-none-eabi/lib/armv7e-m\libc.a(lib_a-lseekr.o)
                0x00403e20                _lseek_r
 .text._read_r  0x00403e4c       0x2c c:/program files (x86)/atmel/studio/7.0/toolchain/arm/arm-gnu-toolchain/bin/../lib/gcc/arm-none-eabi/5.3.1/../../../../arm-none-eabi/lib/armv7e-m\libc.a(lib_a-readr.o)
                0x00403e4c                _read_r
 .text          0x00403e78       0x30 c:/program files (x86)/atmel/studio/7.0/toolchain/arm/arm-gnu-toolchain/bin/../lib/gcc/arm-none-eabi/5.3.1/armv7e-m\libgcc.a(_aeabi_uldivmod.o)
                0x00403e78                __aeabi_uldivmod
 .text          0x00403ea8      0x2e4 c:/program files (x86)/atmel/studio/7.0/toolchain/arm/arm-gnu-toolchain/bin/../lib/gcc/arm-none-eabi/5.3.1/armv7e-m\libgcc.a(_udivmoddi4.o)
                0x00403ea8                __udivmoddi4
 .text          0x0040418c        0x4 c:/program files (x86)/atmel/studio/7.0/toolchain/arm/arm-gnu-toolchain/bin/../lib/gcc/arm-none-eabi/5.3.1/armv7e-m\libgcc.a(_dvmd_tls.o)
                0x0040418c                __aeabi_idiv0
                0x0040418c                __aeabi_ldiv0
 *(.glue_7t)
 .glue_7t       0x00404190        0x0 linker stubs
 *(.glue_7)
 .glue_7        0x00404190        0x0 linker stubs
 *(.rodata .rodata* .gnu.linkonce.r.*)
 .rodata.str1.4
                0x00404190       0x6d src/main.o
 *fill*         0x004041fd        0x3 
 .rodata.str1.4
                0x00404200        0x2 c:/program files (x86)/atmel/studio/7.0/toolchain/arm/arm-gnu-toolchain/bin/../lib/gcc/arm-none-eabi/5.3.1/../../../../arm-none-eabi/lib/armv7e-m\libc.a(lib_a-impure.o)
 *fill*         0x00404202        0x2 
 .rodata._global_impure_ptr
                0x00404204        0x4 c:/program files (x86)/atmel/studio/7.0/toolchain/arm/arm-gnu-toolchain/bin/../lib/gcc/arm-none-eabi/5.3.1/../../../../arm-none-eabi/lib/armv7e-m\libc.a(lib_a-impure.o)
                0x00404204                _global_impure_ptr
 .rodata.str1.4
                0x00404208        0x2 c:/program files (x86)/atmel/studio/7.0/toolchain/arm/arm-gnu-toolchain/bin/../lib/gcc/arm-none-eabi/5.3.1/../../../../arm-none-eabi/lib/armv7e-m\libc.a(lib_a-puts.o)
 *fill*         0x0040420a        0x2 
 .rodata.zeroes.6993
                0x0040420c       0x10 c:/program files (x86)/atmel/studio/7.0/toolchain/arm/arm-gnu-toolchain/bin/../lib/gcc/arm-none-eabi/5.3.1/../../../../arm-none-eabi/lib/armv7e-m\libc.a(lib_a-vfiprintf.o)
 .rodata.str1.4
                0x0040421c       0x30 c:/program files (x86)/atmel/studio/7.0/toolchain/arm/arm-gnu-toolchain/bin/../lib/gcc/arm-none-eabi/5.3.1/../../../../arm-none-eabi/lib/armv7e-m\libc.a(lib_a-vfiprintf.o)
                                 0x2f (size before relaxing)
 .rodata.blanks.6992
                0x0040424c       0x10 c:/program files (x86)/atmel/studio/7.0/toolchain/arm/arm-gnu-toolchain/bin/../lib/gcc/arm-none-eabi/5.3.1/../../../../arm-none-eabi/lib/armv7e-m\libc.a(lib_a-vfiprintf.o)
 *(.ARM.extab* .gnu.linkonce.armextab.*)
                0x0040425c                . = ALIGN (0x4)
 *(.init)
 .init          0x0040425c        0x4 c:/program files (x86)/atmel/studio/7.0/toolchain/arm/arm-gnu-toolchain/bin/../lib/gcc/arm-none-eabi/5.3.1/armv7e-m/crti.o
                0x0040425c                _init
 .init          0x00404260        0x8 c:/program files (x86)/atmel/studio/7.0/toolchain/arm/arm-gnu-toolchain/bin/../lib/gcc/arm-none-eabi/5.3.1/armv7e-m/crtn.o
                0x00404268                . = ALIGN (0x4)
                0x00404268                __preinit_array_start = .
 *(.preinit_array)
                0x00404268                __preinit_array_end = .
                0x00404268                . = ALIGN (0x4)
                0x00404268                __init_array_start = .
 *(SORT(.init_array.*))
 .init_array.00000
                0x00404268        0x4 c:/program files (x86)/atmel/studio/7.0/toolchain/arm/arm-gnu-toolchain/bin/../lib/gcc/arm-none-eabi/5.3.1/../../../../arm-none-eabi/lib/armv7e-m\libc.a(lib_a-__call_atexit.o)
 *(.init_array)
 .init_array    0x0040426c        0x4 c:/program files (x86)/atmel/studio/7.0/toolchain/arm/arm-gnu-toolchain/bin/../lib/gcc/arm-none-eabi/5.3.1/armv7e-m/crtbegin.o
                0x00404270                __init_array_end = .
                0x00404270                . = ALIGN (0x4)
 *crtbegin.o(.ctors)
 *(EXCLUDE_FILE(*crtend.o) .ctors)
 *(SORT(.ctors.*))
 *crtend.o(.ctors)
                0x00404270                . = ALIGN (0x4)
 *(.fini)
 .fini          0x00404270        0x4 c:/program files (x86)/atmel/studio/7.0/toolchain/arm/arm-gnu-toolchain/bin/../lib/gcc/arm-none-eabi/5.3.1/armv7e-m/crti.o
                0x00404270                _fini
 .fini          0x00404274        0x8 c:/program files (x86)/atmel/studio/7.0/toolchain/arm/arm-gnu-toolchain/bin/../lib/gcc/arm-none-eabi/5.3.1/armv7e-m/crtn.o
                0x0040427c                . = ALIGN (0x4)
                0x0040427c                __fini_array_start = .
 *(.fini_array)
 .fini_array    0x0040427c        0x4 c:/program files (x86)/atmel/studio/7.0/toolchain/arm/arm-gnu-toolchain/bin/../lib/gcc/arm-none-eabi/5.3.1/armv7e-m/crtbegin.o
 *(SORT(.fini_array.*))
                0x00404280                __fini_array_end = .
 *crtbegin.o(.dtors)
 *(EXCLUDE_FILE(*crtend.o) .dtors)
 *(SORT(.dtors.*))
 *crtend.o(.dtors)
                0x00404280                . = ALIGN (0x4)
                0x00404280                _efixed = .
                [!provide]                PROVIDE (__exidx_start, .)

.vfp11_veneer   0x00404280        0x0
 .vfp11_veneer  0x00404280        0x0 linker stubs

.v4_bx          0x00404280        0x0
 .v4_bx         0x00404280        0x0 linker stubs

.iplt           0x00404280        0x0
 .iplt          0x00404280        0x0 c:/program files (x86)/atmel/studio/7.0/toolchain/arm/arm-gnu-toolchain/bin/../lib/gcc/arm-none-eabi/5.3.1/armv7e-m/crtbegin.o

.ARM.exidx      0x00404280        0x8
 *(.ARM.exidx* .gnu.linkonce.armexidx.*)
 .ARM.exidx     0x00404280        0x8 c:/program files (x86)/atmel/studio/7.0/toolchain/arm/arm-gnu-toolchain/bin/../lib/gcc/arm-none-eabi/5.3.1/armv7e-m\libgcc.a(_udivmoddi4.o)
                [!provide]                PROVIDE (__exidx_end, .)

.eh_frame       0x00404288        0x0
 .eh_frame      0x00404288        0x0 c:/program files (x86)/atmel/studio/7.0/toolchain/arm/arm-gnu-toolchain/bin/../lib/gcc/arm-none-eabi/5.3.1/armv7e-m/crtbegin.o

.rel.dyn        0x00404288        0x0
 .rel.iplt      0x00404288        0x0 c:/program files (x86)/atmel/studio/7.0/toolchain/arm/arm-gnu-toolchain/bin/../lib/gcc/arm-none-eabi/5.3.1/armv7e-m/crtbegin.o

.jcr            0x00404288        0x0
 .jcr           0x00404288        0x0 c:/program files (x86)/atmel/studio/7.0/toolchain/arm/arm-gnu-toolchain/bin/../lib/gcc/arm-none-eabi/5.3.1/armv7e-m/crtbegin.o

.igot.plt       0x00404288        0x0
 .igot.plt      0x00404288        0x0 c:/program files (x86)/atmel/studio/7.0/toolchain/arm/arm-gnu-toolchain/bin/../lib/gcc/arm-none-eabi/5.3.1/armv7e-m/crtbegin.o
                0x00404288                . = ALIGN (0x4)
                0x00404288                _etext = .

.relocate       0x20400000      0x87c load address 0x00404288
                0x20400000                . = ALIGN (0x4)
                0x20400000                _srelocate = .
 *(.ramfunc .ramfunc.*)
 .ramfunc       0x20400000        0xc src/ASF/common/services/delay/sam/cycle_counter.o
                0x20400000                portable_delay_cycles
 *(.data .data.*)
 .data.g_interrupt_enabled
                0x2040000c        0x1 src/ASF/common/utils/interrupt/interrupt_sam_nvic.o
                0x2040000c                g_interrupt_enabled
 *fill*         0x2040000d        0x3 
 .data.SystemCoreClock
                0x20400010        0x4 src/ASF/sam/utils/cmsis/same70/source/templates/system_same70.o
                0x20400010                SystemCoreClock
 *fill*         0x20400014        0x4 
 .data.impure_data
                0x20400018      0x428 c:/program files (x86)/atmel/studio/7.0/toolchain/arm/arm-gnu-toolchain/bin/../lib/gcc/arm-none-eabi/5.3.1/../../../../arm-none-eabi/lib/armv7e-m\libc.a(lib_a-impure.o)
 .data._impure_ptr
                0x20400440        0x4 c:/program files (x86)/atmel/studio/7.0/toolchain/arm/arm-gnu-toolchain/bin/../lib/gcc/arm-none-eabi/5.3.1/../../../../arm-none-eabi/lib/armv7e-m\libc.a(lib_a-impure.o)
                0x20400440                _impure_ptr
 .data.lc_ctype_charset
                0x20400444       0x20 c:/program files (x86)/atmel/studio/7.0/toolchain/arm/arm-gnu-toolchain/bin/../lib/gcc/arm-none-eabi/5.3.1/../../../../arm-none-eabi/lib/armv7e-m\libc.a(lib_a-locale.o)
 .data.__mb_cur_max
                0x20400464        0x4 c:/program files (x86)/atmel/studio/7.0/toolchain/arm/arm-gnu-toolchain/bin/../lib/gcc/arm-none-eabi/5.3.1/../../../../arm-none-eabi/lib/armv7e-m\libc.a(lib_a-locale.o)
                0x20400464                __mb_cur_max
 .data.__malloc_av_
                0x20400468      0x408 c:/program files (x86)/atmel/studio/7.0/toolchain/arm/arm-gnu-toolchain/bin/../lib/gcc/arm-none-eabi/5.3.1/../../../../arm-none-eabi/lib/armv7e-m\libc.a(lib_a-mallocr.o)
                0x20400468                __malloc_av_
 .data.__malloc_trim_threshold
                0x20400870        0x4 c:/program files (x86)/atmel/studio/7.0/toolchain/arm/arm-gnu-toolchain/bin/../lib/gcc/arm-none-eabi/5.3.1/../../../../arm-none-eabi/lib/armv7e-m\libc.a(lib_a-mallocr.o)
                0x20400870                __malloc_trim_threshold
 .data.__malloc_sbrk_base
                0x20400874        0x4 c:/program files (x86)/atmel/studio/7.0/toolchain/arm/arm-gnu-toolchain/bin/../lib/gcc/arm-none-eabi/5.3.1/../../../../arm-none-eabi/lib/armv7e-m\libc.a(lib_a-mallocr.o)
                0x20400874                __malloc_sbrk_base
 .data.__wctomb
                0x20400878        0x4 c:/program files (x86)/atmel/studio/7.0/toolchain/arm/arm-gnu-toolchain/bin/../lib/gcc/arm-none-eabi/5.3.1/../../../../arm-none-eabi/lib/armv7e-m\libc.a(lib_a-wctomb_r.o)
                0x20400878                __wctomb
                0x2040087c                . = ALIGN (0x4)
                0x2040087c                _erelocate = .

.bss            0x2040087c      0x168 load address 0x00404b04
                0x2040087c                . = ALIGN (0x4)
                0x2040087c                _sbss = .
                0x2040087c                _szero = .
 *(.bss .bss.*)
 .bss           0x2040087c       0x1c c:/program files (x86)/atmel/studio/7.0/toolchain/arm/arm-gnu-toolchain/bin/../lib/gcc/arm-none-eabi/5.3.1/armv7e-m/crtbegin.o
 .bss.is_conversion_done
                0x20400898        0x1 src/main.o
                0x20400898                is_conversion_done
 *fill*         0x20400899        0x3 
 .bss.g_ul_value
                0x2040089c        0x4 src/main.o
                0x2040089c                g_ul_value
 .bss.gs_interrupt_sources
                0x204008a0       0x70 src/ASF/sam/drivers/pio/pio_handler.o
 .bss.ul_reg_val.8198
                0x20400910        0x4 src/ASF/sam/drivers/usart/usart.o
 .bss.heap.5289
                0x20400914        0x4 src/ASF/sam/utils/syscalls/gcc/syscalls.o
 .bss.__malloc_max_total_mem
                0x20400918        0x4 c:/program files (x86)/atmel/studio/7.0/toolchain/arm/arm-gnu-toolchain/bin/../lib/gcc/arm-none-eabi/5.3.1/../../../../arm-none-eabi/lib/armv7e-m\libc.a(lib_a-mallocr.o)
                0x20400918                __malloc_max_total_mem
 .bss.__malloc_max_sbrked_mem
                0x2040091c        0x4 c:/program files (x86)/atmel/studio/7.0/toolchain/arm/arm-gnu-toolchain/bin/../lib/gcc/arm-none-eabi/5.3.1/../../../../arm-none-eabi/lib/armv7e-m\libc.a(lib_a-mallocr.o)
                0x2040091c                __malloc_max_sbrked_mem
 .bss.__malloc_top_pad
                0x20400920        0x4 c:/program files (x86)/atmel/studio/7.0/toolchain/arm/arm-gnu-toolchain/bin/../lib/gcc/arm-none-eabi/5.3.1/../../../../arm-none-eabi/lib/armv7e-m\libc.a(lib_a-mallocr.o)
                0x20400920                __malloc_top_pad
 .bss.__malloc_current_mallinfo
                0x20400924       0x28 c:/program files (x86)/atmel/studio/7.0/toolchain/arm/arm-gnu-toolchain/bin/../lib/gcc/arm-none-eabi/5.3.1/../../../../arm-none-eabi/lib/armv7e-m\libc.a(lib_a-mallocr.o)
                0x20400924                __malloc_current_mallinfo
 *(COMMON)
 COMMON         0x2040094c        0x6 src/ASF/common/services/sleepmgr/sam/sleepmgr.o
                0x2040094c                sleepmgr_locks
 *fill*         0x20400952        0x2 
 COMMON         0x20400954        0x4 src/ASF/common/utils/stdio/read.o
                0x20400954                ptr_get
 COMMON         0x20400958        0x8 src/ASF/common/utils/stdio/write.o
                0x20400958                ptr_put
                0x2040095c                stdio_base
 COMMON         0x20400960       0x80 src/ASF/sam/drivers/afec/afec.o
                0x20400960                afec_callback_pointer
 COMMON         0x204009e0        0x4 c:/program files (x86)/atmel/studio/7.0/toolchain/arm/arm-gnu-toolchain/bin/../lib/gcc/arm-none-eabi/5.3.1/../../../../arm-none-eabi/lib/armv7e-m\libc.a(lib_a-reent.o)
                0x204009e0                errno
                0x204009e4                . = ALIGN (0x4)
                0x204009e4                _ebss = .
                0x204009e4                _ezero = .

.stack          0x204009e4     0x2004 load address 0x00404c6c
                0x204009e8                . = ALIGN (0x8)
 *fill*         0x204009e4        0x4 
                0x204009e8                _sstack = .
                0x204029e8                . = (. + STACK_SIZE)
 *fill*         0x204009e8     0x2000 
                0x204029e8                . = ALIGN (0x8)
                0x204029e8                _estack = .

.heap           0x204029e8      0x200 load address 0x00406c70
                0x204029e8                . = ALIGN (0x8)
                0x204029e8                _sheap = .
                0x20402be8                . = (. + HEAP_SIZE)
 *fill*         0x204029e8      0x200 
                0x20402be8                . = ALIGN (0x8)
                0x20402be8                _eheap = .
                0x20402be8                . = ALIGN (0x4)
                0x20402be8                _end = .
                0x2045ffff                _ram_end_ = ((ORIGIN (ram) + LENGTH (ram)) - 0x1)
OUTPUT(12-ADC.elf elf32-littlearm)

.ARM.attributes
                0x00000000       0x2e
 .ARM.attributes
                0x00000000       0x1e c:/program files (x86)/atmel/studio/7.0/toolchain/arm/arm-gnu-toolchain/bin/../lib/gcc/arm-none-eabi/5.3.1/armv7e-m/crti.o
 .ARM.attributes
                0x0000001e       0x2e c:/program files (x86)/atmel/studio/7.0/toolchain/arm/arm-gnu-toolchain/bin/../lib/gcc/arm-none-eabi/5.3.1/armv7e-m/crtbegin.o
 .ARM.attributes
                0x0000004c       0x37 src/main.o
 .ARM.attributes
                0x00000083       0x37 src/ASF/common/services/delay/sam/cycle_counter.o
 .ARM.attributes
                0x000000ba       0x37 src/ASF/common/services/clock/same70/sysclk.o
 .ARM.attributes
                0x000000f1       0x37 src/ASF/common/services/sleepmgr/sam/sleepmgr.o
 .ARM.attributes
                0x00000128       0x37 src/ASF/common/utils/interrupt/interrupt_sam_nvic.o
 .ARM.attributes
                0x0000015f       0x37 src/ASF/common/utils/stdio/read.o
 .ARM.attributes
                0x00000196       0x37 src/ASF/common/utils/stdio/write.o
 .ARM.attributes
                0x000001cd       0x37 src/ASF/sam/boards/same70_xplained/init.o
 .ARM.attributes
                0x00000204       0x37 src/ASF/sam/drivers/afec/afec.o
 .ARM.attributes
                0x0000023b       0x37 src/ASF/sam/drivers/pio/pio.o
 .ARM.attributes
                0x00000272       0x37 src/ASF/sam/drivers/pio/pio_handler.o
 .ARM.attributes
                0x000002a9       0x37 src/ASF/sam/drivers/pmc/pmc.o
 .ARM.attributes
                0x000002e0       0x37 src/ASF/sam/drivers/uart/uart.o
 .ARM.attributes
                0x00000317       0x37 src/ASF/sam/drivers/usart/usart.o
 .ARM.attributes
                0x0000034e       0x37 src/ASF/sam/utils/cmsis/same70/source/templates/gcc/startup_same70.o
 .ARM.attributes
                0x00000385       0x37 src/ASF/sam/utils/cmsis/same70/source/templates/system_same70.o
 .ARM.attributes
                0x000003bc       0x37 src/ASF/sam/utils/syscalls/gcc/syscalls.o
 .ARM.attributes
                0x000003f3       0x2e c:/program files (x86)/atmel/studio/7.0/toolchain/arm/arm-gnu-toolchain/bin/../lib/gcc/arm-none-eabi/5.3.1/../../../../arm-none-eabi/lib/armv7e-m\libc.a(lib_a-impure.o)
 .ARM.attributes
                0x00000421       0x2e c:/program files (x86)/atmel/studio/7.0/toolchain/arm/arm-gnu-toolchain/bin/../lib/gcc/arm-none-eabi/5.3.1/../../../../arm-none-eabi/lib/armv7e-m\libc.a(lib_a-init.o)
 .ARM.attributes
                0x0000044f       0x2e c:/program files (x86)/atmel/studio/7.0/toolchain/arm/arm-gnu-toolchain/bin/../lib/gcc/arm-none-eabi/5.3.1/../../../../arm-none-eabi/lib/armv7e-m\libc.a(lib_a-iprintf.o)
 .ARM.attributes
                0x0000047d       0x2e c:/program files (x86)/atmel/studio/7.0/toolchain/arm/arm-gnu-toolchain/bin/../lib/gcc/arm-none-eabi/5.3.1/../../../../arm-none-eabi/lib/armv7e-m\libc.a(lib_a-memset.o)
 .ARM.attributes
                0x000004ab       0x2e c:/program files (x86)/atmel/studio/7.0/toolchain/arm/arm-gnu-toolchain/bin/../lib/gcc/arm-none-eabi/5.3.1/../../../../arm-none-eabi/lib/armv7e-m\libc.a(lib_a-puts.o)
 .ARM.attributes
                0x000004d9       0x2e c:/program files (x86)/atmel/studio/7.0/toolchain/arm/arm-gnu-toolchain/bin/../lib/gcc/arm-none-eabi/5.3.1/../../../../arm-none-eabi/lib/armv7e-m\libc.a(lib_a-setbuf.o)
 .ARM.attributes
                0x00000507       0x2e c:/program files (x86)/atmel/studio/7.0/toolchain/arm/arm-gnu-toolchain/bin/../lib/gcc/arm-none-eabi/5.3.1/../../../../arm-none-eabi/lib/armv7e-m\libc.a(lib_a-setvbuf.o)
 .ARM.attributes
                0x00000535       0x1c c:/program files (x86)/atmel/studio/7.0/toolchain/arm/arm-gnu-toolchain/bin/../lib/gcc/arm-none-eabi/5.3.1/../../../../arm-none-eabi/lib/armv7e-m\libc.a(lib_a-strlen.o)
 .ARM.attributes
                0x00000551       0x2e c:/program files (x86)/atmel/studio/7.0/toolchain/arm/arm-gnu-toolchain/bin/../lib/gcc/arm-none-eabi/5.3.1/../../../../arm-none-eabi/lib/armv7e-m\libc.a(lib_a-vfiprintf.o)
 .ARM.attributes
                0x0000057f       0x2e c:/program files (x86)/atmel/studio/7.0/toolchain/arm/arm-gnu-toolchain/bin/../lib/gcc/arm-none-eabi/5.3.1/../../../../arm-none-eabi/lib/armv7e-m\libc.a(lib_a-wsetup.o)
 .ARM.attributes
                0x000005ad       0x2e c:/program files (x86)/atmel/studio/7.0/toolchain/arm/arm-gnu-toolchain/bin/../lib/gcc/arm-none-eabi/5.3.1/../../../../arm-none-eabi/lib/armv7e-m\libc.a(lib_a-__call_atexit.o)
 .ARM.attributes
                0x000005db       0x2e c:/program files (x86)/atmel/studio/7.0/toolchain/arm/arm-gnu-toolchain/bin/../lib/gcc/arm-none-eabi/5.3.1/../../../../arm-none-eabi/lib/armv7e-m\libc.a(lib_a-atexit.o)
 .ARM.attributes
                0x00000609       0x2e c:/program files (x86)/atmel/studio/7.0/toolchain/arm/arm-gnu-toolchain/bin/../lib/gcc/arm-none-eabi/5.3.1/../../../../arm-none-eabi/lib/armv7e-m\libc.a(lib_a-fflush.o)
 .ARM.attributes
                0x00000637       0x2e c:/program files (x86)/atmel/studio/7.0/toolchain/arm/arm-gnu-toolchain/bin/../lib/gcc/arm-none-eabi/5.3.1/../../../../arm-none-eabi/lib/armv7e-m\libc.a(lib_a-findfp.o)
 .ARM.attributes
                0x00000665       0x2e c:/program files (x86)/atmel/studio/7.0/toolchain/arm/arm-gnu-toolchain/bin/../lib/gcc/arm-none-eabi/5.3.1/../../../../arm-none-eabi/lib/armv7e-m\libc.a(lib_a-fini.o)
 .ARM.attributes
                0x00000693       0x2e c:/program files (x86)/atmel/studio/7.0/toolchain/arm/arm-gnu-toolchain/bin/../lib/gcc/arm-none-eabi/5.3.1/../../../../arm-none-eabi/lib/armv7e-m\libc.a(lib_a-fputwc.o)
 .ARM.attributes
                0x000006c1       0x2e c:/program files (x86)/atmel/studio/7.0/toolchain/arm/arm-gnu-toolchain/bin/../lib/gcc/arm-none-eabi/5.3.1/../../../../arm-none-eabi/lib/armv7e-m\libc.a(lib_a-freer.o)
 .ARM.attributes
                0x000006ef       0x2e c:/program files (x86)/atmel/studio/7.0/toolchain/arm/arm-gnu-toolchain/bin/../lib/gcc/arm-none-eabi/5.3.1/../../../../arm-none-eabi/lib/armv7e-m\libc.a(lib_a-fvwrite.o)
 .ARM.attributes
                0x0000071d       0x2e c:/program files (x86)/atmel/studio/7.0/toolchain/arm/arm-gnu-toolchain/bin/../lib/gcc/arm-none-eabi/5.3.1/../../../../arm-none-eabi/lib/armv7e-m\libc.a(lib_a-fwalk.o)
 .ARM.attributes
                0x0000074b       0x2e c:/program files (x86)/atmel/studio/7.0/toolchain/arm/arm-gnu-toolchain/bin/../lib/gcc/arm-none-eabi/5.3.1/../../../../arm-none-eabi/lib/armv7e-m\libc.a(lib_a-locale.o)
 .ARM.attributes
                0x00000779       0x2e c:/program files (x86)/atmel/studio/7.0/toolchain/arm/arm-gnu-toolchain/bin/../lib/gcc/arm-none-eabi/5.3.1/../../../../arm-none-eabi/lib/armv7e-m\libc.a(lib_a-makebuf.o)
 .ARM.attributes
                0x000007a7       0x2e c:/program files (x86)/atmel/studio/7.0/toolchain/arm/arm-gnu-toolchain/bin/../lib/gcc/arm-none-eabi/5.3.1/../../../../arm-none-eabi/lib/armv7e-m\libc.a(lib_a-malloc.o)
 .ARM.attributes
                0x000007d5       0x2e c:/program files (x86)/atmel/studio/7.0/toolchain/arm/arm-gnu-toolchain/bin/../lib/gcc/arm-none-eabi/5.3.1/../../../../arm-none-eabi/lib/armv7e-m\libc.a(lib_a-mallocr.o)
 .ARM.attributes
                0x00000803       0x1c c:/program files (x86)/atmel/studio/7.0/toolchain/arm/arm-gnu-toolchain/bin/../lib/gcc/arm-none-eabi/5.3.1/../../../../arm-none-eabi/lib/armv7e-m\libc.a(lib_a-memchr.o)
 .ARM.attributes
                0x0000081f       0x1c c:/program files (x86)/atmel/studio/7.0/toolchain/arm/arm-gnu-toolchain/bin/../lib/gcc/arm-none-eabi/5.3.1/../../../../arm-none-eabi/lib/armv7e-m\libc.a(lib_a-memcpy.o)
 .ARM.attributes
                0x0000083b       0x2e c:/program files (x86)/atmel/studio/7.0/toolchain/arm/arm-gnu-toolchain/bin/../lib/gcc/arm-none-eabi/5.3.1/../../../../arm-none-eabi/lib/armv7e-m\libc.a(lib_a-memmove.o)
 .ARM.attributes
                0x00000869       0x2e c:/program files (x86)/atmel/studio/7.0/toolchain/arm/arm-gnu-toolchain/bin/../lib/gcc/arm-none-eabi/5.3.1/../../../../arm-none-eabi/lib/armv7e-m\libc.a(lib_a-mlock.o)
 .ARM.attributes
                0x00000897       0x2e c:/program files (x86)/atmel/studio/7.0/toolchain/arm/arm-gnu-toolchain/bin/../lib/gcc/arm-none-eabi/5.3.1/../../../../arm-none-eabi/lib/armv7e-m\libc.a(lib_a-reallocr.o)
 .ARM.attributes
                0x000008c5       0x2e c:/program files (x86)/atmel/studio/7.0/toolchain/arm/arm-gnu-toolchain/bin/../lib/gcc/arm-none-eabi/5.3.1/../../../../arm-none-eabi/lib/armv7e-m\libc.a(lib_a-sbrkr.o)
 .ARM.attributes
                0x000008f3       0x2e c:/program files (x86)/atmel/studio/7.0/toolchain/arm/arm-gnu-toolchain/bin/../lib/gcc/arm-none-eabi/5.3.1/../../../../arm-none-eabi/lib/armv7e-m\libc.a(lib_a-stdio.o)
 .ARM.attributes
                0x00000921       0x2e c:/program files (x86)/atmel/studio/7.0/toolchain/arm/arm-gnu-toolchain/bin/../lib/gcc/arm-none-eabi/5.3.1/../../../../arm-none-eabi/lib/armv7e-m\libc.a(lib_a-wbuf.o)
 .ARM.attributes
                0x0000094f       0x2e c:/program files (x86)/atmel/studio/7.0/toolchain/arm/arm-gnu-toolchain/bin/../lib/gcc/arm-none-eabi/5.3.1/../../../../arm-none-eabi/lib/armv7e-m\libc.a(lib_a-wcrtomb.o)
 .ARM.attributes
                0x0000097d       0x2e c:/program files (x86)/atmel/studio/7.0/toolchain/arm/arm-gnu-toolchain/bin/../lib/gcc/arm-none-eabi/5.3.1/../../../../arm-none-eabi/lib/armv7e-m\libc.a(lib_a-wctomb_r.o)
 .ARM.attributes
                0x000009ab       0x2e c:/program files (x86)/atmel/studio/7.0/toolchain/arm/arm-gnu-toolchain/bin/../lib/gcc/arm-none-eabi/5.3.1/../../../../arm-none-eabi/lib/armv7e-m\libc.a(lib_a-writer.o)
 .ARM.attributes
                0x000009d9       0x2e c:/program files (x86)/atmel/studio/7.0/toolchain/arm/arm-gnu-toolchain/bin/../lib/gcc/arm-none-eabi/5.3.1/../../../../arm-none-eabi/lib/armv7e-m\libc.a(lib_a-__atexit.o)
 .ARM.attributes
                0x00000a07       0x2e c:/program files (x86)/atmel/studio/7.0/toolchain/arm/arm-gnu-toolchain/bin/../lib/gcc/arm-none-eabi/5.3.1/../../../../arm-none-eabi/lib/armv7e-m\libc.a(lib_a-closer.o)
 .ARM.attributes
                0x00000a35       0x2e c:/program files (x86)/atmel/studio/7.0/toolchain/arm/arm-gnu-toolchain/bin/../lib/gcc/arm-none-eabi/5.3.1/../../../../arm-none-eabi/lib/armv7e-m\libc.a(lib_a-fclose.o)
 .ARM.attributes
                0x00000a63       0x2e c:/program files (x86)/atmel/studio/7.0/toolchain/arm/arm-gnu-toolchain/bin/../lib/gcc/arm-none-eabi/5.3.1/../../../../arm-none-eabi/lib/armv7e-m\libc.a(lib_a-fstatr.o)
 .ARM.attributes
                0x00000a91       0x2e c:/program files (x86)/atmel/studio/7.0/toolchain/arm/arm-gnu-toolchain/bin/../lib/gcc/arm-none-eabi/5.3.1/../../../../arm-none-eabi/lib/armv7e-m\libc.a(lib_a-isattyr.o)
 .ARM.attributes
                0x00000abf       0x2e c:/program files (x86)/atmel/studio/7.0/toolchain/arm/arm-gnu-toolchain/bin/../lib/gcc/arm-none-eabi/5.3.1/../../../../arm-none-eabi/lib/armv7e-m\libc.a(lib_a-lseekr.o)
 .ARM.attributes
                0x00000aed       0x2e c:/program files (x86)/atmel/studio/7.0/toolchain/arm/arm-gnu-toolchain/bin/../lib/gcc/arm-none-eabi/5.3.1/../../../../arm-none-eabi/lib/armv7e-m\libc.a(lib_a-readr.o)
 .ARM.attributes
                0x00000b1b       0x2e c:/program files (x86)/atmel/studio/7.0/toolchain/arm/arm-gnu-toolchain/bin/../lib/gcc/arm-none-eabi/5.3.1/../../../../arm-none-eabi/lib/armv7e-m\libc.a(lib_a-reent.o)
 .ARM.attributes
                0x00000b49       0x1e c:/program files (x86)/atmel/studio/7.0/toolchain/arm/arm-gnu-toolchain/bin/../lib/gcc/arm-none-eabi/5.3.1/armv7e-m\libgcc.a(_aeabi_uldivmod.o)
 .ARM.attributes
                0x00000b67       0x2e c:/program files (x86)/atmel/studio/7.0/toolchain/arm/arm-gnu-toolchain/bin/../lib/gcc/arm-none-eabi/5.3.1/armv7e-m\libgcc.a(_udivmoddi4.o)
 .ARM.attributes
                0x00000b95       0x1e c:/program files (x86)/atmel/studio/7.0/toolchain/arm/arm-gnu-toolchain/bin/../lib/gcc/arm-none-eabi/5.3.1/armv7e-m\libgcc.a(_dvmd_tls.o)
 .ARM.attributes
                0x00000bb3       0x1e c:/program files (x86)/atmel/studio/7.0/toolchain/arm/arm-gnu-toolchain/bin/../lib/gcc/arm-none-eabi/5.3.1/armv7e-m/crtn.o

.comment        0x00000000       0x59
 .comment       0x00000000       0x59 src/main.o
                                 0x5a (size before relaxing)
 .comment       0x00000059       0x5a src/ASF/common/services/delay/sam/cycle_counter.o
 .comment       0x00000059       0x5a src/ASF/common/services/clock/same70/sysclk.o
 .comment       0x00000059       0x5a src/ASF/common/services/sleepmgr/sam/sleepmgr.o
 .comment       0x00000059       0x5a src/ASF/common/utils/interrupt/interrupt_sam_nvic.o
 .comment       0x00000059       0x5a src/ASF/common/utils/stdio/read.o
 .comment       0x00000059       0x5a src/ASF/common/utils/stdio/write.o
 .comment       0x00000059       0x5a src/ASF/sam/boards/same70_xplained/init.o
 .comment       0x00000059       0x5a src/ASF/sam/drivers/afec/afec.o
 .comment       0x00000059       0x5a src/ASF/sam/drivers/pio/pio.o
 .comment       0x00000059       0x5a src/ASF/sam/drivers/pio/pio_handler.o
 .comment       0x00000059       0x5a src/ASF/sam/drivers/pmc/pmc.o
 .comment       0x00000059       0x5a src/ASF/sam/drivers/uart/uart.o
 .comment       0x00000059       0x5a src/ASF/sam/drivers/usart/usart.o
 .comment       0x00000059       0x5a src/ASF/sam/utils/cmsis/same70/source/templates/gcc/startup_same70.o
 .comment       0x00000059       0x5a src/ASF/sam/utils/cmsis/same70/source/templates/system_same70.o
 .comment       0x00000059       0x5a src/ASF/sam/utils/syscalls/gcc/syscalls.o

.debug_info     0x00000000     0xd6ea
 .debug_info    0x00000000     0x1d5c src/main.o
 .debug_info    0x00001d5c      0x134 src/ASF/common/services/delay/sam/cycle_counter.o
 .debug_info    0x00001e90      0x846 src/ASF/common/services/clock/same70/sysclk.o
 .debug_info    0x000026d6      0x176 src/ASF/common/services/sleepmgr/sam/sleepmgr.o
 .debug_info    0x0000284c      0x1e4 src/ASF/common/utils/interrupt/interrupt_sam_nvic.o
 .debug_info    0x00002a30      0x1bb src/ASF/common/utils/stdio/read.o
 .debug_info    0x00002beb      0x1c0 src/ASF/common/utils/stdio/write.o
 .debug_info    0x00002dab     0x1748 src/ASF/sam/boards/same70_xplained/init.o
 .debug_info    0x000044f3     0x1b3d src/ASF/sam/drivers/afec/afec.o
 .debug_info    0x00006030     0x1888 src/ASF/sam/drivers/pio/pio.o
 .debug_info    0x000078b8     0x11e6 src/ASF/sam/drivers/pio/pio_handler.o
 .debug_info    0x00008a9e     0x1533 src/ASF/sam/drivers/pmc/pmc.o
 .debug_info    0x00009fd1      0x726 src/ASF/sam/drivers/uart/uart.o
 .debug_info    0x0000a6f7     0x1a43 src/ASF/sam/drivers/usart/usart.o
 .debug_info    0x0000c13a      0xc1d src/ASF/sam/utils/cmsis/same70/source/templates/gcc/startup_same70.o
 .debug_info    0x0000cd57      0x56c src/ASF/sam/utils/cmsis/same70/source/templates/system_same70.o
 .debug_info    0x0000d2c3      0x427 src/ASF/sam/utils/syscalls/gcc/syscalls.o

.debug_abbrev   0x00000000     0x221b
 .debug_abbrev  0x00000000      0x3cd src/main.o
 .debug_abbrev  0x000003cd       0x9d src/ASF/common/services/delay/sam/cycle_counter.o
 .debug_abbrev  0x0000046a      0x230 src/ASF/common/services/clock/same70/sysclk.o
 .debug_abbrev  0x0000069a       0xab src/ASF/common/services/sleepmgr/sam/sleepmgr.o
 .debug_abbrev  0x00000745       0xed src/ASF/common/utils/interrupt/interrupt_sam_nvic.o
 .debug_abbrev  0x00000832      0x101 src/ASF/common/utils/stdio/read.o
 .debug_abbrev  0x00000933       0xf5 src/ASF/common/utils/stdio/write.o
 .debug_abbrev  0x00000a28      0x299 src/ASF/sam/boards/same70_xplained/init.o
 .debug_abbrev  0x00000cc1      0x446 src/ASF/sam/drivers/afec/afec.o
 .debug_abbrev  0x00001107      0x31a src/ASF/sam/drivers/pio/pio.o
 .debug_abbrev  0x00001421      0x25d src/ASF/sam/drivers/pio/pio_handler.o
 .debug_abbrev  0x0000167e      0x2bd src/ASF/sam/drivers/pmc/pmc.o
 .debug_abbrev  0x0000193b      0x1a3 src/ASF/sam/drivers/uart/uart.o
 .debug_abbrev  0x00001ade      0x2dc src/ASF/sam/drivers/usart/usart.o
 .debug_abbrev  0x00001dba      0x221 src/ASF/sam/utils/cmsis/same70/source/templates/gcc/startup_same70.o
 .debug_abbrev  0x00001fdb       0xf5 src/ASF/sam/utils/cmsis/same70/source/templates/system_same70.o
 .debug_abbrev  0x000020d0      0x14b src/ASF/sam/utils/syscalls/gcc/syscalls.o

.debug_loc      0x00000000     0x4d96
 .debug_loc     0x00000000      0x4d6 src/main.o
 .debug_loc     0x000004d6      0x183 src/ASF/common/services/clock/same70/sysclk.o
 .debug_loc     0x00000659       0xd2 src/ASF/common/utils/stdio/read.o
 .debug_loc     0x0000072b      0x15d src/ASF/common/utils/stdio/write.o
 .debug_loc     0x00000888      0x26e src/ASF/sam/boards/same70_xplained/init.o
 .debug_loc     0x00000af6      0xa6b src/ASF/sam/drivers/afec/afec.o
 .debug_loc     0x00001561      0xf3a src/ASF/sam/drivers/pio/pio.o
 .debug_loc     0x0000249b      0x555 src/ASF/sam/drivers/pio/pio_handler.o
 .debug_loc     0x000029f0      0xec0 src/ASF/sam/drivers/pmc/pmc.o
 .debug_loc     0x000038b0      0x2a4 src/ASF/sam/drivers/uart/uart.o
 .debug_loc     0x00003b54     0x10f9 src/ASF/sam/drivers/usart/usart.o
 .debug_loc     0x00004c4d       0x6a src/ASF/sam/utils/cmsis/same70/source/templates/gcc/startup_same70.o
 .debug_loc     0x00004cb7       0xdf src/ASF/sam/utils/syscalls/gcc/syscalls.o

.debug_aranges  0x00000000      0xa80
 .debug_aranges
                0x00000000       0x38 src/main.o
 .debug_aranges
                0x00000038       0x20 src/ASF/common/services/delay/sam/cycle_counter.o
 .debug_aranges
                0x00000058       0x40 src/ASF/common/services/clock/same70/sysclk.o
 .debug_aranges
                0x00000098       0x18 src/ASF/common/services/sleepmgr/sam/sleepmgr.o
 .debug_aranges
                0x000000b0       0x28 src/ASF/common/utils/interrupt/interrupt_sam_nvic.o
 .debug_aranges
                0x000000d8       0x20 src/ASF/common/utils/stdio/read.o
 .debug_aranges
                0x000000f8       0x20 src/ASF/common/utils/stdio/write.o
 .debug_aranges
                0x00000118       0x20 src/ASF/sam/boards/same70_xplained/init.o
 .debug_aranges
                0x00000138       0xb8 src/ASF/sam/drivers/afec/afec.o
 .debug_aranges
                0x000001f0      0x1a8 src/ASF/sam/drivers/pio/pio.o
 .debug_aranges
                0x00000398       0x60 src/ASF/sam/drivers/pio/pio_handler.o
 .debug_aranges
                0x000003f8      0x250 src/ASF/sam/drivers/pmc/pmc.o
 .debug_aranges
                0x00000648       0xd8 src/ASF/sam/drivers/uart/uart.o
 .debug_aranges
                0x00000720      0x2a8 src/ASF/sam/drivers/usart/usart.o
 .debug_aranges
                0x000009c8       0x28 src/ASF/sam/utils/cmsis/same70/source/templates/gcc/startup_same70.o
 .debug_aranges
                0x000009f0       0x30 src/ASF/sam/utils/cmsis/same70/source/templates/system_same70.o
 .debug_aranges
                0x00000a20       0x60 src/ASF/sam/utils/syscalls/gcc/syscalls.o

.debug_ranges   0x00000000      0xa58
 .debug_ranges  0x00000000       0x28 src/main.o
 .debug_ranges  0x00000028       0x10 src/ASF/common/services/delay/sam/cycle_counter.o
 .debug_ranges  0x00000038       0x30 src/ASF/common/services/clock/same70/sysclk.o
 .debug_ranges  0x00000068       0x18 src/ASF/common/utils/interrupt/interrupt_sam_nvic.o
 .debug_ranges  0x00000080       0x10 src/ASF/common/utils/stdio/read.o
 .debug_ranges  0x00000090       0x10 src/ASF/common/utils/stdio/write.o
 .debug_ranges  0x000000a0       0x10 src/ASF/sam/boards/same70_xplained/init.o
 .debug_ranges  0x000000b0       0xc0 src/ASF/sam/drivers/afec/afec.o
 .debug_ranges  0x00000170      0x270 src/ASF/sam/drivers/pio/pio.o
 .debug_ranges  0x000003e0       0x50 src/ASF/sam/drivers/pio/pio_handler.o
 .debug_ranges  0x00000430      0x240 src/ASF/sam/drivers/pmc/pmc.o
 .debug_ranges  0x00000670       0xc8 src/ASF/sam/drivers/uart/uart.o
 .debug_ranges  0x00000738      0x298 src/ASF/sam/drivers/usart/usart.o
 .debug_ranges  0x000009d0       0x18 src/ASF/sam/utils/cmsis/same70/source/templates/gcc/startup_same70.o
 .debug_ranges  0x000009e8       0x20 src/ASF/sam/utils/cmsis/same70/source/templates/system_same70.o
 .debug_ranges  0x00000a08       0x50 src/ASF/sam/utils/syscalls/gcc/syscalls.o

.debug_macro    0x00000000    0x1f6bb
 .debug_macro   0x00000000      0x7fd src/main.o
 .debug_macro   0x000007fd      0x8aa src/main.o
 .debug_macro   0x000010a7       0x22 src/main.o
 .debug_macro   0x000010c9       0x4c src/main.o
 .debug_macro   0x00001115       0x8d src/main.o
 .debug_macro   0x000011a2       0x35 src/main.o
 .debug_macro   0x000011d7       0x9c src/main.o
 .debug_macro   0x00001273       0x16 src/main.o
 .debug_macro   0x00001289       0x4a src/main.o
 .debug_macro   0x000012d3       0x97 src/main.o
 .debug_macro   0x0000136a      0x330 src/main.o
 .debug_macro   0x0000169a       0xf6 src/main.o
 .debug_macro   0x00001790       0x10 src/main.o
 .debug_macro   0x000017a0       0x52 src/main.o
 .debug_macro   0x000017f2       0x16 src/main.o
 .debug_macro   0x00001808       0x43 src/main.o
 .debug_macro   0x0000184b      0x187 src/main.o
 .debug_macro   0x000019d2       0x22 src/main.o
 .debug_macro   0x000019f4       0x22 src/main.o
 .debug_macro   0x00001a16       0x3a src/main.o
 .debug_macro   0x00001a50       0x10 src/main.o
 .debug_macro   0x00001a60       0x40 src/main.o
 .debug_macro   0x00001aa0       0x6c src/main.o
 .debug_macro   0x00001b0c       0x16 src/main.o
 .debug_macro   0x00001b22      0x182 src/main.o
 .debug_macro   0x00001ca4       0x16 src/main.o
 .debug_macro   0x00001cba       0x35 src/main.o
 .debug_macro   0x00001cef       0x16 src/main.o
 .debug_macro   0x00001d05      0x64b src/main.o
 .debug_macro   0x00002350       0x76 src/main.o
 .debug_macro   0x000023c6       0x16 src/main.o
 .debug_macro   0x000023dc      0x6e4 src/main.o
 .debug_macro   0x00002ac0       0xfd src/main.o
 .debug_macro   0x00002bbd      0x1df src/main.o
 .debug_macro   0x00002d9c       0x4a src/main.o
 .debug_macro   0x00002de6       0x3b src/main.o
 .debug_macro   0x00002e21       0x2d src/main.o
 .debug_macro   0x00002e4e       0x26 src/main.o
 .debug_macro   0x00002e74      0xf9a src/main.o
 .debug_macro   0x00003e0e      0x175 src/main.o
 .debug_macro   0x00003f83      0x257 src/main.o
 .debug_macro   0x000041da      0xa0f src/main.o
 .debug_macro   0x00004be9      0x1b9 src/main.o
 .debug_macro   0x00004da2      0x336 src/main.o
 .debug_macro   0x000050d8      0x15b src/main.o
 .debug_macro   0x00005233     0x1851 src/main.o
 .debug_macro   0x00006a84       0x1c src/main.o
 .debug_macro   0x00006aa0      0x68d src/main.o
 .debug_macro   0x0000712d      0x31e src/main.o
 .debug_macro   0x0000744b      0x4d4 src/main.o
 .debug_macro   0x0000791f      0x56e src/main.o
 .debug_macro   0x00007e8d     0x1332 src/main.o
 .debug_macro   0x000091bf     0x278d src/main.o
 .debug_macro   0x0000b94c     0x102b src/main.o
 .debug_macro   0x0000c977      0xe01 src/main.o
 .debug_macro   0x0000d778      0x3b1 src/main.o
 .debug_macro   0x0000db29       0xa0 src/main.o
 .debug_macro   0x0000dbc9       0x76 src/main.o
 .debug_macro   0x0000dc3f      0x409 src/main.o
 .debug_macro   0x0000e048       0x64 src/main.o
 .debug_macro   0x0000e0ac      0x284 src/main.o
 .debug_macro   0x0000e330      0x1d0 src/main.o
 .debug_macro   0x0000e500      0x248 src/main.o
 .debug_macro   0x0000e748      0x524 src/main.o
 .debug_macro   0x0000ec6c      0x63b src/main.o
 .debug_macro   0x0000f2a7      0x6b8 src/main.o
 .debug_macro   0x0000f95f       0x4c src/main.o
 .debug_macro   0x0000f9ab      0x468 src/main.o
 .debug_macro   0x0000fe13      0x207 src/main.o
 .debug_macro   0x0001001a      0x866 src/main.o
 .debug_macro   0x00010880     0x1547 src/main.o
 .debug_macro   0x00011dc7       0x40 src/main.o
 .debug_macro   0x00011e07       0x76 src/main.o
 .debug_macro   0x00011e7d      0xdaf src/main.o
 .debug_macro   0x00012c2c       0x82 src/main.o
 .debug_macro   0x00012cae       0x76 src/main.o
 .debug_macro   0x00012d24       0x4c src/main.o
 .debug_macro   0x00012d70      0x135 src/main.o
 .debug_macro   0x00012ea5      0x135 src/main.o
 .debug_macro   0x00012fda      0x135 src/main.o
 .debug_macro   0x0001310f       0x6a src/main.o
 .debug_macro   0x00013179       0x6a src/main.o
 .debug_macro   0x000131e3      0x313 src/main.o
 .debug_macro   0x000134f6       0xb2 src/main.o
 .debug_macro   0x000135a8       0xb2 src/main.o
 .debug_macro   0x0001365a       0xb2 src/main.o
 .debug_macro   0x0001370c      0x11d src/main.o
 .debug_macro   0x00013829      0x11d src/main.o
 .debug_macro   0x00013946      0x2cd src/main.o
 .debug_macro   0x00013c13       0xb8 src/main.o
 .debug_macro   0x00013ccb       0x5e src/main.o
 .debug_macro   0x00013d29       0x40 src/main.o
 .debug_macro   0x00013d69       0x4c src/main.o
 .debug_macro   0x00013db5       0xa0 src/main.o
 .debug_macro   0x00013e55      0x494 src/main.o
 .debug_macro   0x000142e9      0x135 src/main.o
 .debug_macro   0x0001441e       0x4c src/main.o
 .debug_macro   0x0001446a      0x313 src/main.o
 .debug_macro   0x0001477d       0x6a src/main.o
 .debug_macro   0x000147e7       0xb8 src/main.o
 .debug_macro   0x0001489f       0x6a src/main.o
 .debug_macro   0x00014909       0x2e src/main.o
 .debug_macro   0x00014937      0x9b1 src/main.o
 .debug_macro   0x000152e8       0x6a src/main.o
 .debug_macro   0x00015352       0x88 src/main.o
 .debug_macro   0x000153da       0x58 src/main.o
 .debug_macro   0x00015432       0xe2 src/main.o
 .debug_macro   0x00015514       0x16 src/main.o
 .debug_macro   0x0001552a       0xe2 src/main.o
 .debug_macro   0x0001560c       0x4c src/main.o
 .debug_macro   0x00015658       0x16 src/main.o
 .debug_macro   0x0001566e       0x4c src/main.o
 .debug_macro   0x000156ba       0x2e src/main.o
 .debug_macro   0x000156e8      0x1b5 src/main.o
 .debug_macro   0x0001589d      0x1b5 src/main.o
 .debug_macro   0x00015a52      0x1b5 src/main.o
 .debug_macro   0x00015c07      0x1b5 src/main.o
 .debug_macro   0x00015dbc      0x1b5 src/main.o
 .debug_macro   0x00015f71       0x1c src/main.o
 .debug_macro   0x00015f8d       0x2e src/main.o
 .debug_macro   0x00015fbb       0x22 src/main.o
 .debug_macro   0x00015fdd       0x1c src/main.o
 .debug_macro   0x00015ff9       0x52 src/main.o
 .debug_macro   0x0001604b       0x10 src/main.o
 .debug_macro   0x0001605b       0x1c src/main.o
 .debug_macro   0x00016077       0x4c src/main.o
 .debug_macro   0x000160c3       0x4c src/main.o
 .debug_macro   0x0001610f       0x4c src/main.o
 .debug_macro   0x0001615b      0x31b src/main.o
 .debug_macro   0x00016476     0x1022 src/main.o
 .debug_macro   0x00017498      0x107 src/main.o
 .debug_macro   0x0001759f       0x22 src/main.o
 .debug_macro   0x000175c1       0x16 src/main.o
 .debug_macro   0x000175d7       0x16 src/main.o
 .debug_macro   0x000175ed       0x29 src/main.o
 .debug_macro   0x00017616       0x75 src/main.o
 .debug_macro   0x0001768b       0x3f src/main.o
 .debug_macro   0x000176ca      0x3ca src/main.o
 .debug_macro   0x00017a94       0x12 src/main.o
 .debug_macro   0x00017aa6       0x3a src/main.o
 .debug_macro   0x00017ae0      0x2c6 src/main.o
 .debug_macro   0x00017da6      0xa96 src/main.o
 .debug_macro   0x0001883c       0x70 src/main.o
 .debug_macro   0x000188ac       0x64 src/main.o
 .debug_macro   0x00018910       0x5f src/main.o
 .debug_macro   0x0001896f       0xac src/main.o
 .debug_macro   0x00018a1b       0x28 src/main.o
 .debug_macro   0x00018a43       0x23 src/main.o
 .debug_macro   0x00018a66       0x94 src/main.o
 .debug_macro   0x00018afa       0x40 src/main.o
 .debug_macro   0x00018b3a       0x88 src/main.o
 .debug_macro   0x00018bc2      0x1ce src/main.o
 .debug_macro   0x00018d90       0x34 src/main.o
 .debug_macro   0x00018dc4       0x16 src/main.o
 .debug_macro   0x00018dda       0x1c src/main.o
 .debug_macro   0x00018df6       0x10 src/main.o
 .debug_macro   0x00018e06       0x1c src/main.o
 .debug_macro   0x00018e22       0x3a src/main.o
 .debug_macro   0x00018e5c       0x28 src/main.o
 .debug_macro   0x00018e84      0x637 src/ASF/common/services/delay/sam/cycle_counter.o
 .debug_macro   0x000194bb      0x16d src/ASF/common/services/delay/sam/cycle_counter.o
 .debug_macro   0x00019628       0x87 src/ASF/common/services/delay/sam/cycle_counter.o
 .debug_macro   0x000196af       0x44 src/ASF/common/services/delay/sam/cycle_counter.o
 .debug_macro   0x000196f3       0x52 src/ASF/common/services/delay/sam/cycle_counter.o
 .debug_macro   0x00019745       0x22 src/ASF/common/services/delay/sam/cycle_counter.o
 .debug_macro   0x00019767      0x6a1 src/ASF/common/services/clock/same70/sysclk.o
 .debug_macro   0x00019e08      0x2c0 src/ASF/common/services/clock/same70/sysclk.o
 .debug_macro   0x0001a0c8      0x651 src/ASF/common/services/sleepmgr/sam/sleepmgr.o
 .debug_macro   0x0001a719      0x627 src/ASF/common/utils/interrupt/interrupt_sam_nvic.o
 .debug_macro   0x0001ad40      0x627 src/ASF/common/utils/stdio/read.o
 .debug_macro   0x0001b367      0x627 src/ASF/common/utils/stdio/write.o
 .debug_macro   0x0001b98e      0x6dd src/ASF/sam/boards/same70_xplained/init.o
 .debug_macro   0x0001c06b       0x16 src/ASF/sam/boards/same70_xplained/init.o
 .debug_macro   0x0001c081       0x82 src/ASF/sam/boards/same70_xplained/init.o
 .debug_macro   0x0001c103      0x6fe src/ASF/sam/drivers/afec/afec.o
 .debug_macro   0x0001c801      0x63d src/ASF/sam/drivers/pio/pio.o
 .debug_macro   0x0001ce3e       0x8e src/ASF/sam/drivers/pio/pio.o
 .debug_macro   0x0001cecc      0x648 src/ASF/sam/drivers/pio/pio_handler.o
 .debug_macro   0x0001d514      0x63d src/ASF/sam/drivers/pmc/pmc.o
 .debug_macro   0x0001db51       0x6a src/ASF/sam/drivers/pmc/pmc.o
 .debug_macro   0x0001dbbb      0x637 src/ASF/sam/drivers/uart/uart.o
 .debug_macro   0x0001e1f2       0x16 src/ASF/sam/drivers/uart/uart.o
 .debug_macro   0x0001e208      0x66d src/ASF/sam/drivers/usart/usart.o
 .debug_macro   0x0001e875       0x34 src/ASF/sam/drivers/usart/usart.o
 .debug_macro   0x0001e8a9      0x636 src/ASF/sam/utils/cmsis/same70/source/templates/gcc/startup_same70.o
 .debug_macro   0x0001eedf       0x10 src/ASF/sam/utils/cmsis/same70/source/templates/gcc/startup_same70.o
 .debug_macro   0x0001eeef      0x455 src/ASF/sam/utils/cmsis/same70/source/templates/system_same70.o
 .debug_macro   0x0001f344      0x19c src/ASF/sam/utils/syscalls/gcc/syscalls.o
 .debug_macro   0x0001f4e0       0x52 src/ASF/sam/utils/syscalls/gcc/syscalls.o
 .debug_macro   0x0001f532       0x16 src/ASF/sam/utils/syscalls/gcc/syscalls.o
 .debug_macro   0x0001f548       0x10 src/ASF/sam/utils/syscalls/gcc/syscalls.o
 .debug_macro   0x0001f558       0x41 src/ASF/sam/utils/syscalls/gcc/syscalls.o
 .debug_macro   0x0001f599      0x122 src/ASF/sam/utils/syscalls/gcc/syscalls.o

.debug_line     0x00000000     0xc177
 .debug_line    0x00000000      0xfc5 src/main.o
 .debug_line    0x00000fc5      0x9c1 src/ASF/common/services/delay/sam/cycle_counter.o
 .debug_line    0x00001986      0xb1f src/ASF/common/services/clock/same70/sysclk.o
 .debug_line    0x000024a5      0xa23 src/ASF/common/services/sleepmgr/sam/sleepmgr.o
 .debug_line    0x00002ec8      0x9d5 src/ASF/common/utils/interrupt/interrupt_sam_nvic.o
 .debug_line    0x0000389d      0x9c6 src/ASF/common/utils/stdio/read.o
 .debug_line    0x00004263      0x9b8 src/ASF/common/utils/stdio/write.o
 .debug_line    0x00004c1b      0xc04 src/ASF/sam/boards/same70_xplained/init.o
 .debug_line    0x0000581f      0xe73 src/ASF/sam/drivers/afec/afec.o
 .debug_line    0x00006692      0xe89 src/ASF/sam/drivers/pio/pio.o
 .debug_line    0x0000751b      0xa8a src/ASF/sam/drivers/pio/pio_handler.o
 .debug_line    0x00007fa5     0x1059 src/ASF/sam/drivers/pmc/pmc.o
 .debug_line    0x00008ffe      0xb4f src/ASF/sam/drivers/uart/uart.o
 .debug_line    0x00009b4d     0x103e src/ASF/sam/drivers/usart/usart.o
 .debug_line    0x0000ab8b      0xa48 src/ASF/sam/utils/cmsis/same70/source/templates/gcc/startup_same70.o
 .debug_line    0x0000b5d3      0x7d4 src/ASF/sam/utils/cmsis/same70/source/templates/system_same70.o
 .debug_line    0x0000bda7      0x3d0 src/ASF/sam/utils/syscalls/gcc/syscalls.o

.debug_str      0x00000000    0x8bc72
 .debug_str     0x00000000    0x87c9c src/main.o
                              0x883e0 (size before relaxing)
 .debug_str     0x00087c9c       0x35 src/ASF/common/services/delay/sam/cycle_counter.o
                              0x8153f (size before relaxing)
 .debug_str     0x00087cd1      0x2d8 src/ASF/common/services/clock/same70/sysclk.o
                              0x85930 (size before relaxing)
 .debug_str     0x00087fa9       0xbd src/ASF/common/services/sleepmgr/sam/sleepmgr.o
                              0x8154b (size before relaxing)
 .debug_str     0x00088066       0x94 src/ASF/common/utils/interrupt/interrupt_sam_nvic.o
                              0x8140f (size before relaxing)
 .debug_str     0x000880fa       0x2c src/ASF/common/utils/stdio/read.o
                              0x813be (size before relaxing)
 .debug_str     0x00088126       0x26 src/ASF/common/utils/stdio/write.o
                              0x813c0 (size before relaxing)
 .debug_str     0x0008814c      0x9d6 src/ASF/sam/boards/same70_xplained/init.o
                              0x86645 (size before relaxing)
 .debug_str     0x00088b22      0x8df src/ASF/sam/drivers/afec/afec.o
                              0x86a48 (size before relaxing)
 .debug_str     0x00089401      0x5b0 src/ASF/sam/drivers/pio/pio.o
                              0x81f65 (size before relaxing)
 .debug_str     0x000899b1      0x111 src/ASF/sam/drivers/pio/pio_handler.o
                              0x81fd6 (size before relaxing)
 .debug_str     0x00089ac2      0x7cb src/ASF/sam/drivers/pmc/pmc.o
                              0x820c9 (size before relaxing)
 .debug_str     0x0008a28d      0x206 src/ASF/sam/drivers/uart/uart.o
                              0x816bf (size before relaxing)
 .debug_str     0x0008a493      0x952 src/ASF/sam/drivers/usart/usart.o
                              0x81f57 (size before relaxing)
 .debug_str     0x0008ade5      0x5e4 src/ASF/sam/utils/cmsis/same70/source/templates/gcc/startup_same70.o
                              0x81bb5 (size before relaxing)
 .debug_str     0x0008b3c9      0x16f src/ASF/sam/utils/cmsis/same70/source/templates/system_same70.o
                              0x726a8 (size before relaxing)
 .debug_str     0x0008b538      0x73a src/ASF/sam/utils/syscalls/gcc/syscalls.o
                               0x69ea (size before relaxing)

.debug_frame    0x00000000     0x229c
 .debug_frame   0x00000000       0x80 src/main.o
 .debug_frame   0x00000080       0x20 src/ASF/common/services/delay/sam/cycle_counter.o
 .debug_frame   0x000000a0       0x88 src/ASF/common/services/clock/same70/sysclk.o
 .debug_frame   0x00000128       0x30 src/ASF/common/utils/interrupt/interrupt_sam_nvic.o
 .debug_frame   0x00000158       0x48 src/ASF/common/utils/stdio/read.o
 .debug_frame   0x000001a0       0x48 src/ASF/common/utils/stdio/write.o
 .debug_frame   0x000001e8       0x30 src/ASF/sam/boards/same70_xplained/init.o
 .debug_frame   0x00000218      0x1e0 src/ASF/sam/drivers/afec/afec.o
 .debug_frame   0x000003f8      0x398 src/ASF/sam/drivers/pio/pio.o
 .debug_frame   0x00000790      0x110 src/ASF/sam/drivers/pio/pio_handler.o
 .debug_frame   0x000008a0      0x4f8 src/ASF/sam/drivers/pmc/pmc.o
 .debug_frame   0x00000d98      0x19c src/ASF/sam/drivers/uart/uart.o
 .debug_frame   0x00000f34      0x5c0 src/ASF/sam/drivers/usart/usart.o
 .debug_frame   0x000014f4       0x38 src/ASF/sam/utils/cmsis/same70/source/templates/gcc/startup_same70.o
 .debug_frame   0x0000152c       0x40 src/ASF/sam/utils/cmsis/same70/source/templates/system_same70.o
 .debug_frame   0x0000156c       0xa0 src/ASF/sam/utils/syscalls/gcc/syscalls.o
 .debug_frame   0x0000160c       0x2c c:/program files (x86)/atmel/studio/7.0/toolchain/arm/arm-gnu-toolchain/bin/../lib/gcc/arm-none-eabi/5.3.1/../../../../arm-none-eabi/lib/armv7e-m\libc.a(lib_a-init.o)
 .debug_frame   0x00001638       0x74 c:/program files (x86)/atmel/studio/7.0/toolchain/arm/arm-gnu-toolchain/bin/../lib/gcc/arm-none-eabi/5.3.1/../../../../arm-none-eabi/lib/armv7e-m\libc.a(lib_a-iprintf.o)
 .debug_frame   0x000016ac       0x34 c:/program files (x86)/atmel/studio/7.0/toolchain/arm/arm-gnu-toolchain/bin/../lib/gcc/arm-none-eabi/5.3.1/../../../../arm-none-eabi/lib/armv7e-m\libc.a(lib_a-memset.o)
 .debug_frame   0x000016e0       0x48 c:/program files (x86)/atmel/studio/7.0/toolchain/arm/arm-gnu-toolchain/bin/../lib/gcc/arm-none-eabi/5.3.1/../../../../arm-none-eabi/lib/armv7e-m\libc.a(lib_a-puts.o)
 .debug_frame   0x00001728       0x20 c:/program files (x86)/atmel/studio/7.0/toolchain/arm/arm-gnu-toolchain/bin/../lib/gcc/arm-none-eabi/5.3.1/../../../../arm-none-eabi/lib/armv7e-m\libc.a(lib_a-setbuf.o)
 .debug_frame   0x00001748       0x50 c:/program files (x86)/atmel/studio/7.0/toolchain/arm/arm-gnu-toolchain/bin/../lib/gcc/arm-none-eabi/5.3.1/../../../../arm-none-eabi/lib/armv7e-m\libc.a(lib_a-setvbuf.o)
 .debug_frame   0x00001798       0xc8 c:/program files (x86)/atmel/studio/7.0/toolchain/arm/arm-gnu-toolchain/bin/../lib/gcc/arm-none-eabi/5.3.1/../../../../arm-none-eabi/lib/armv7e-m\libc.a(lib_a-vfiprintf.o)
 .debug_frame   0x00001860       0x2c c:/program files (x86)/atmel/studio/7.0/toolchain/arm/arm-gnu-toolchain/bin/../lib/gcc/arm-none-eabi/5.3.1/../../../../arm-none-eabi/lib/armv7e-m\libc.a(lib_a-wsetup.o)
 .debug_frame   0x0000188c       0x50 c:/program files (x86)/atmel/studio/7.0/toolchain/arm/arm-gnu-toolchain/bin/../lib/gcc/arm-none-eabi/5.3.1/../../../../arm-none-eabi/lib/armv7e-m\libc.a(lib_a-__call_atexit.o)
 .debug_frame   0x000018dc       0x20 c:/program files (x86)/atmel/studio/7.0/toolchain/arm/arm-gnu-toolchain/bin/../lib/gcc/arm-none-eabi/5.3.1/../../../../arm-none-eabi/lib/armv7e-m\libc.a(lib_a-atexit.o)
 .debug_frame   0x000018fc       0x6c c:/program files (x86)/atmel/studio/7.0/toolchain/arm/arm-gnu-toolchain/bin/../lib/gcc/arm-none-eabi/5.3.1/../../../../arm-none-eabi/lib/armv7e-m\libc.a(lib_a-fflush.o)
 .debug_frame   0x00001968      0x124 c:/program files (x86)/atmel/studio/7.0/toolchain/arm/arm-gnu-toolchain/bin/../lib/gcc/arm-none-eabi/5.3.1/../../../../arm-none-eabi/lib/armv7e-m\libc.a(lib_a-findfp.o)
 .debug_frame   0x00001a8c       0x34 c:/program files (x86)/atmel/studio/7.0/toolchain/arm/arm-gnu-toolchain/bin/../lib/gcc/arm-none-eabi/5.3.1/../../../../arm-none-eabi/lib/armv7e-m\libc.a(lib_a-fini.o)
 .debug_frame   0x00001ac0       0x8c c:/program files (x86)/atmel/studio/7.0/toolchain/arm/arm-gnu-toolchain/bin/../lib/gcc/arm-none-eabi/5.3.1/../../../../arm-none-eabi/lib/armv7e-m\libc.a(lib_a-fputwc.o)
 .debug_frame   0x00001b4c       0x74 c:/program files (x86)/atmel/studio/7.0/toolchain/arm/arm-gnu-toolchain/bin/../lib/gcc/arm-none-eabi/5.3.1/../../../../arm-none-eabi/lib/armv7e-m\libc.a(lib_a-freer.o)
 .debug_frame   0x00001bc0       0x68 c:/program files (x86)/atmel/studio/7.0/toolchain/arm/arm-gnu-toolchain/bin/../lib/gcc/arm-none-eabi/5.3.1/../../../../arm-none-eabi/lib/armv7e-m\libc.a(lib_a-fvwrite.o)
 .debug_frame   0x00001c28       0x54 c:/program files (x86)/atmel/studio/7.0/toolchain/arm/arm-gnu-toolchain/bin/../lib/gcc/arm-none-eabi/5.3.1/../../../../arm-none-eabi/lib/armv7e-m\libc.a(lib_a-fwalk.o)
 .debug_frame   0x00001c7c       0x9c c:/program files (x86)/atmel/studio/7.0/toolchain/arm/arm-gnu-toolchain/bin/../lib/gcc/arm-none-eabi/5.3.1/../../../../arm-none-eabi/lib/armv7e-m\libc.a(lib_a-locale.o)
 .debug_frame   0x00001d18       0x68 c:/program files (x86)/atmel/studio/7.0/toolchain/arm/arm-gnu-toolchain/bin/../lib/gcc/arm-none-eabi/5.3.1/../../../../arm-none-eabi/lib/armv7e-m\libc.a(lib_a-makebuf.o)
 .debug_frame   0x00001d80       0x30 c:/program files (x86)/atmel/studio/7.0/toolchain/arm/arm-gnu-toolchain/bin/../lib/gcc/arm-none-eabi/5.3.1/../../../../arm-none-eabi/lib/armv7e-m\libc.a(lib_a-malloc.o)
 .debug_frame   0x00001db0       0x58 c:/program files (x86)/atmel/studio/7.0/toolchain/arm/arm-gnu-toolchain/bin/../lib/gcc/arm-none-eabi/5.3.1/../../../../arm-none-eabi/lib/armv7e-m\libc.a(lib_a-mallocr.o)
 .debug_frame   0x00001e08       0x30 c:/program files (x86)/atmel/studio/7.0/toolchain/arm/arm-gnu-toolchain/bin/../lib/gcc/arm-none-eabi/5.3.1/../../../../arm-none-eabi/lib/armv7e-m\libc.a(lib_a-memmove.o)
 .debug_frame   0x00001e38       0x30 c:/program files (x86)/atmel/studio/7.0/toolchain/arm/arm-gnu-toolchain/bin/../lib/gcc/arm-none-eabi/5.3.1/../../../../arm-none-eabi/lib/armv7e-m\libc.a(lib_a-mlock.o)
 .debug_frame   0x00001e68       0x60 c:/program files (x86)/atmel/studio/7.0/toolchain/arm/arm-gnu-toolchain/bin/../lib/gcc/arm-none-eabi/5.3.1/../../../../arm-none-eabi/lib/armv7e-m\libc.a(lib_a-reallocr.o)
 .debug_frame   0x00001ec8       0x2c c:/program files (x86)/atmel/studio/7.0/toolchain/arm/arm-gnu-toolchain/bin/../lib/gcc/arm-none-eabi/5.3.1/../../../../arm-none-eabi/lib/armv7e-m\libc.a(lib_a-sbrkr.o)
 .debug_frame   0x00001ef4       0x88 c:/program files (x86)/atmel/studio/7.0/toolchain/arm/arm-gnu-toolchain/bin/../lib/gcc/arm-none-eabi/5.3.1/../../../../arm-none-eabi/lib/armv7e-m\libc.a(lib_a-stdio.o)
 .debug_frame   0x00001f7c       0x40 c:/program files (x86)/atmel/studio/7.0/toolchain/arm/arm-gnu-toolchain/bin/../lib/gcc/arm-none-eabi/5.3.1/../../../../arm-none-eabi/lib/armv7e-m\libc.a(lib_a-wbuf.o)
 .debug_frame   0x00001fbc       0x60 c:/program files (x86)/atmel/studio/7.0/toolchain/arm/arm-gnu-toolchain/bin/../lib/gcc/arm-none-eabi/5.3.1/../../../../arm-none-eabi/lib/armv7e-m\libc.a(lib_a-wcrtomb.o)
 .debug_frame   0x0000201c       0x48 c:/program files (x86)/atmel/studio/7.0/toolchain/arm/arm-gnu-toolchain/bin/../lib/gcc/arm-none-eabi/5.3.1/../../../../arm-none-eabi/lib/armv7e-m\libc.a(lib_a-wctomb_r.o)
 .debug_frame   0x00002064       0x2c c:/program files (x86)/atmel/studio/7.0/toolchain/arm/arm-gnu-toolchain/bin/../lib/gcc/arm-none-eabi/5.3.1/../../../../arm-none-eabi/lib/armv7e-m\libc.a(lib_a-writer.o)
 .debug_frame   0x00002090       0x34 c:/program files (x86)/atmel/studio/7.0/toolchain/arm/arm-gnu-toolchain/bin/../lib/gcc/arm-none-eabi/5.3.1/../../../../arm-none-eabi/lib/armv7e-m\libc.a(lib_a-__atexit.o)
 .debug_frame   0x000020c4       0x2c c:/program files (x86)/atmel/studio/7.0/toolchain/arm/arm-gnu-toolchain/bin/../lib/gcc/arm-none-eabi/5.3.1/../../../../arm-none-eabi/lib/armv7e-m\libc.a(lib_a-closer.o)
 .debug_frame   0x000020f0       0x44 c:/program files (x86)/atmel/studio/7.0/toolchain/arm/arm-gnu-toolchain/bin/../lib/gcc/arm-none-eabi/5.3.1/../../../../arm-none-eabi/lib/armv7e-m\libc.a(lib_a-fclose.o)
 .debug_frame   0x00002134       0x2c c:/program files (x86)/atmel/studio/7.0/toolchain/arm/arm-gnu-toolchain/bin/../lib/gcc/arm-none-eabi/5.3.1/../../../../arm-none-eabi/lib/armv7e-m\libc.a(lib_a-fstatr.o)
 .debug_frame   0x00002160       0x2c c:/program files (x86)/atmel/studio/7.0/toolchain/arm/arm-gnu-toolchain/bin/../lib/gcc/arm-none-eabi/5.3.1/../../../../arm-none-eabi/lib/armv7e-m\libc.a(lib_a-isattyr.o)
 .debug_frame   0x0000218c       0x2c c:/program files (x86)/atmel/studio/7.0/toolchain/arm/arm-gnu-toolchain/bin/../lib/gcc/arm-none-eabi/5.3.1/../../../../arm-none-eabi/lib/armv7e-m\libc.a(lib_a-lseekr.o)
 .debug_frame   0x000021b8       0x2c c:/program files (x86)/atmel/studio/7.0/toolchain/arm/arm-gnu-toolchain/bin/../lib/gcc/arm-none-eabi/5.3.1/../../../../arm-none-eabi/lib/armv7e-m\libc.a(lib_a-readr.o)
 .debug_frame   0x000021e4       0x58 c:/program files (x86)/atmel/studio/7.0/toolchain/arm/arm-gnu-toolchain/bin/../lib/gcc/arm-none-eabi/5.3.1/../../../../arm-none-eabi/lib/armv7e-m\libc.a(lib_a-reent.o)
 .debug_frame   0x0000223c       0x2c c:/program files (x86)/atmel/studio/7.0/toolchain/arm/arm-gnu-toolchain/bin/../lib/gcc/arm-none-eabi/5.3.1/armv7e-m\libgcc.a(_aeabi_uldivmod.o)
 .debug_frame   0x00002268       0x34 c:/program files (x86)/atmel/studio/7.0/toolchain/arm/arm-gnu-toolchain/bin/../lib/gcc/arm-none-eabi/5.3.1/armv7e-m\libgcc.a(_udivmoddi4.o)

Cross Reference Table

Symbol                                            File
ACC_Handler                                       src/ASF/sam/utils/cmsis/same70/source/templates/gcc/startup_same70.o
AES_Handler                                       src/ASF/sam/utils/cmsis/same70/source/templates/gcc/startup_same70.o
AFEC0_Handler                                     src/ASF/sam/drivers/afec/afec.o
AFEC1_Handler                                     src/ASF/sam/drivers/afec/afec.o
BusFault_Handler                                  src/ASF/sam/utils/cmsis/same70/source/templates/gcc/startup_same70.o
DACC_Handler                                      src/ASF/sam/utils/cmsis/same70/source/templates/gcc/startup_same70.o
DebugMon_Handler                                  src/ASF/sam/utils/cmsis/same70/source/templates/gcc/startup_same70.o
Dummy_Handler                                     src/ASF/sam/utils/cmsis/same70/source/templates/gcc/startup_same70.o
EFC_Handler                                       src/ASF/sam/utils/cmsis/same70/source/templates/gcc/startup_same70.o
GMAC_Handler                                      src/ASF/sam/utils/cmsis/same70/source/templates/gcc/startup_same70.o
HSMCI_Handler                                     src/ASF/sam/utils/cmsis/same70/source/templates/gcc/startup_same70.o
HardFault_Handler                                 src/ASF/sam/utils/cmsis/same70/source/templates/gcc/startup_same70.o
ICM_Handler                                       src/ASF/sam/utils/cmsis/same70/source/templates/gcc/startup_same70.o
ISI_Handler                                       src/ASF/sam/utils/cmsis/same70/source/templates/gcc/startup_same70.o
MCAN0_Handler                                     src/ASF/sam/utils/cmsis/same70/source/templates/gcc/startup_same70.o
MCAN1_Handler                                     src/ASF/sam/utils/cmsis/same70/source/templates/gcc/startup_same70.o
MemManage_Handler                                 src/ASF/sam/utils/cmsis/same70/source/templates/gcc/startup_same70.o
NMI_Handler                                       src/ASF/sam/utils/cmsis/same70/source/templates/gcc/startup_same70.o
PIOA_Handler                                      src/ASF/sam/drivers/pio/pio_handler.o
PIOB_Handler                                      src/ASF/sam/drivers/pio/pio_handler.o
PIOC_Handler                                      src/ASF/sam/drivers/pio/pio_handler.o
PIOD_Handler                                      src/ASF/sam/drivers/pio/pio_handler.o
PIOE_Handler                                      src/ASF/sam/drivers/pio/pio_handler.o
PMC_Handler                                       src/ASF/sam/utils/cmsis/same70/source/templates/gcc/startup_same70.o
PWM0_Handler                                      src/ASF/sam/utils/cmsis/same70/source/templates/gcc/startup_same70.o
PWM1_Handler                                      src/ASF/sam/utils/cmsis/same70/source/templates/gcc/startup_same70.o
PendSV_Handler                                    src/ASF/sam/utils/cmsis/same70/source/templates/gcc/startup_same70.o
QSPI_Handler                                      src/ASF/sam/utils/cmsis/same70/source/templates/gcc/startup_same70.o
RSTC_Handler                                      src/ASF/sam/utils/cmsis/same70/source/templates/gcc/startup_same70.o
RSWDT_Handler                                     src/ASF/sam/utils/cmsis/same70/source/templates/gcc/startup_same70.o
RTC_Handler                                       src/ASF/sam/utils/cmsis/same70/source/templates/gcc/startup_same70.o
RTT_Handler                                       src/ASF/sam/utils/cmsis/same70/source/templates/gcc/startup_same70.o
Reset_Handler                                     src/ASF/sam/utils/cmsis/same70/source/templates/gcc/startup_same70.o
SDRAMC_Handler                                    src/ASF/sam/utils/cmsis/same70/source/templates/gcc/startup_same70.o
SPI0_Handler                                      src/ASF/sam/utils/cmsis/same70/source/templates/gcc/startup_same70.o
SPI1_Handler                                      src/ASF/sam/utils/cmsis/same70/source/templates/gcc/startup_same70.o
SSC_Handler                                       src/ASF/sam/utils/cmsis/same70/source/templates/gcc/startup_same70.o
SUPC_Handler                                      src/ASF/sam/utils/cmsis/same70/source/templates/gcc/startup_same70.o
SVC_Handler                                       src/ASF/sam/utils/cmsis/same70/source/templates/gcc/startup_same70.o
SysTick_Handler                                   src/ASF/sam/utils/cmsis/same70/source/templates/gcc/startup_same70.o
SystemCoreClock                                   src/ASF/sam/utils/cmsis/same70/source/templates/system_same70.o
SystemCoreClockUpdate                             src/ASF/sam/utils/cmsis/same70/source/templates/system_same70.o
                                                  src/ASF/common/services/clock/same70/sysclk.o
SystemInit                                        src/ASF/sam/utils/cmsis/same70/source/templates/system_same70.o
TC0_Handler                                       src/ASF/sam/utils/cmsis/same70/source/templates/gcc/startup_same70.o
TC10_Handler                                      src/ASF/sam/utils/cmsis/same70/source/templates/gcc/startup_same70.o
TC11_Handler                                      src/ASF/sam/utils/cmsis/same70/source/templates/gcc/startup_same70.o
TC1_Handler                                       src/ASF/sam/utils/cmsis/same70/source/templates/gcc/startup_same70.o
TC2_Handler                                       src/ASF/sam/utils/cmsis/same70/source/templates/gcc/startup_same70.o
TC3_Handler                                       src/ASF/sam/utils/cmsis/same70/source/templates/gcc/startup_same70.o
TC4_Handler                                       src/ASF/sam/utils/cmsis/same70/source/templates/gcc/startup_same70.o
TC5_Handler                                       src/ASF/sam/utils/cmsis/same70/source/templates/gcc/startup_same70.o
TC6_Handler                                       src/ASF/sam/utils/cmsis/same70/source/templates/gcc/startup_same70.o
TC7_Handler                                       src/ASF/sam/utils/cmsis/same70/source/templates/gcc/startup_same70.o
TC8_Handler                                       src/ASF/sam/utils/cmsis/same70/source/templates/gcc/startup_same70.o
TC9_Handler                                       src/ASF/sam/utils/cmsis/same70/source/templates/gcc/startup_same70.o
TRNG_Handler                                      src/ASF/sam/utils/cmsis/same70/source/templates/gcc/startup_same70.o
TWIHS0_Handler                                    src/ASF/sam/utils/cmsis/same70/source/templates/gcc/startup_same70.o
TWIHS1_Handler                                    src/ASF/sam/utils/cmsis/same70/source/templates/gcc/startup_same70.o